[*] launching: /home/ryzen395/mpquic/build/server_recv
    PORT=4433
    CERT=/home/ryzen395/mpquic/certs/cert.pem
    KEY =/home/ryzen395/mpquic/certs/key.pem
    OUT_DIR=/home/ryzen395/mpquic/experiment_runs/20260617-record-handover-134544/frames
    QLOG_DIR=/home/ryzen395/mpquic/build/qlogs_svr  BINLOG_DIR=/home/ryzen395/mpquic/build/binlog_svr
    SVR_PREVIEW=1  SVR_SAVE_FRAMES=0
    SVR_PREVIEW_CMD=ffmpeg -y -loglevel error -fflags nobuffer -framerate 30 -f mjpeg -i - -an -c:v libx264 -preset veryfast -tune zerolatency -profile:v high -b:v 2M -maxrate 4M -bufsize 4M -bf 0 -pix_fmt yuv420p "/home/ryzen395/mpquic/experiment_runs/20260617-record-handover-134544/preview.mp4"
[06-17 13:45:44.845] [SVR][MAIN] args: port=4433 cert=/home/ryzen395/mpquic/certs/cert.pem key=/home/ryzen395/mpquic/certs/key.pem out=/home/ryzen395/mpquic/experiment_runs/20260617-record-handover-134544/frames max_frames=0
[06-17 13:45:44.845] [SVR][MAIN] creating QUIC ctx (ALPN=hq)...
[06-17 13:45:44.847] [SVR][MAIN] listen UDP :4433 (raw streams, MP enabled)
[06-17 13:45:44.847] [INF] [LOOP] QUIC ready, waiting for connections...
[06-17 13:45:50.718] [INF] [CNX] state=other nb_paths=1 peer=192.168.0.13:40021
[06-17 13:45:50.718] [INF] [CNX] state=other nb_paths=1 peer=192.168.0.13:40021
[06-17 13:45:50.720] [INF] [CNX] state=ready nb_paths=1 peer=192.168.0.13:40021
[06-17 13:45:50.720] [INF] [CNX] READY peer=192.168.0.13:40021 (paths=1)
[06-17 13:45:50.778] [INF] [RX] ev=0 sid=2 chunk=1407B (accum+=66414)
[INF] [PREVIEW] enabled via command: ffmpeg -y -loglevel error -fflags nobuffer -framerate 30 -f mjpeg -i - -an -c:v libx264 -preset veryfast -tune zerolatency -profile:v high -b:v 2M -maxrate 4M -bufsize 4M -bf 0 -pix_fmt yuv420p "/home/ryzen395/mpquic/experiment_runs/20260617-record-handover-134544/preview.mp4"
[INF] [PREVIEW] disk frame saving disabled (SVR_SAVE_FRAMES=0)
[06-17 13:45:50.842] [INF] [RX] ev=0 sid=2 chunk=1406B (accum+=66032)
[06-17 13:45:50.882] [INF] [RX] ev=0 sid=2 chunk=1406B (accum+=66451)
[06-17 13:45:50.944] [INF] [RX] ev=0 sid=2 chunk=1406B (accum+=65562)
[06-17 13:45:50.983] [INF] [RX] ev=0 sid=2 chunk=1406B (accum+=65596)
[06-17 13:45:51.046] [INF] [RX] ev=0 sid=2 chunk=1406B (accum+=66152)
[06-17 13:45:51.112] [INF] [RX] ev=0 sid=2 chunk=1406B (accum+=65847)
[06-17 13:45:51.146] [INF] [RX] ev=0 sid=2 chunk=1406B (accum+=66722)
[06-17 13:45:51.213] [INF] [RX] ev=0 sid=2 chunk=1406B (accum+=66031)
[01-05 1294988049077] [BENCH] Duration: 0.53s | Recv: 0.59MB | Current Rate: 9.01Mbps
[06-17 13:45:51.251] [INF] [RX] ev=0 sid=2 chunk=1406B (accum+=65760)
[06-17 13:45:51.314] [INF] [RX] ev=0 sid=2 chunk=1406B (accum+=66032)
[06-17 13:45:51.381] [INF] [RX] ev=0 sid=2 chunk=1395B (accum+=66233)
[06-17 13:45:51.414] [INF] [RX] ev=0 sid=2 chunk=1406B (accum+=66859)
[06-17 13:45:51.480] [INF] [RX] ev=0 sid=2 chunk=1406B (accum+=66402)
[06-17 13:45:51.513] [INF] [RX] ev=0 sid=2 chunk=1406B (accum+=66609)
[06-17 13:45:51.550] [INF] [RX] ev=0 sid=2 chunk=1097B (accum+=66419)
[06-17 13:45:51.616] [INF] [RX] ev=0 sid=2 chunk=1406B (accum+=66644)
[06-17 13:45:51.680] [INF] [RX] ev=0 sid=2 chunk=1406B (accum+=66686)
[06-17 13:45:51.717] [INF] [RX] ev=0 sid=2 chunk=1406B (accum+=66313)
[01-05 1294988549083] [BENCH] Duration: 1.03s | Recv: 1.23MB | Current Rate: 9.59Mbps
[06-17 13:45:51.780] [INF] [RX] ev=0 sid=2 chunk=1406B (accum+=66605)
[06-17 13:45:51.818] [INF] [RX] ev=0 sid=2 chunk=1406B (accum+=66566)
[06-17 13:45:51.881] [INF] [RX] ev=0 sid=2 chunk=1406B (accum+=66112)
[06-17 13:45:51.918] [INF] [RX] ev=0 sid=2 chunk=1406B (accum+=66332)
[06-17 13:45:51.986] [INF] [RX] ev=0 sid=2 chunk=1406B (accum+=65864)
[06-17 13:45:52.049] [INF] [RX] ev=0 sid=2 chunk=1406B (accum+=66365)
[06-17 13:45:52.086] [INF] [RX] ev=0 sid=2 chunk=1406B (accum+=65578)
[06-17 13:45:52.149] [INF] [RX] ev=0 sid=2 chunk=1406B (accum+=66600)
[06-17 13:45:52.186] [INF] [RX] ev=0 sid=2 chunk=1406B (accum+=65562)
[01-05 1294989049232] [BENCH] Duration: 1.53s | Recv: 1.82MB | Current Rate: 9.53Mbps
[06-17 13:45:52.250] [INF] [RX] ev=0 sid=2 chunk=1406B (accum+=66934)
[06-17 13:45:52.316] [INF] [RX] ev=0 sid=2 chunk=1406B (accum+=65584)
[06-17 13:45:52.354] [INF] [RX] ev=0 sid=2 chunk=1406B (accum+=65563)
[06-17 13:45:52.417] [INF] [RX] ev=0 sid=2 chunk=1406B (accum+=66637)
[06-17 13:45:52.463] [INF] [RX] ev=0 sid=2 chunk=1406B (accum+=65788)
[06-17 13:45:52.518] [INF] [RX] ev=0 sid=2 chunk=1406B (accum+=66079)
[06-17 13:45:52.555] [INF] [RX] ev=0 sid=2 chunk=1406B (accum+=65767)
[06-17 13:45:52.618] [INF] [RX] ev=0 sid=2 chunk=1406B (accum+=65663)
[06-17 13:45:52.654] [INF] [RX] ev=0 sid=2 chunk=1406B (accum+=65570)
[06-17 13:45:52.722] [INF] [RX] ev=0 sid=2 chunk=1406B (accum+=66055)
[01-05 1294989553430] [BENCH] Duration: 2.03s | Recv: 2.41MB | Current Rate: 9.51Mbps
[06-17 13:45:52.784] [INF] [RX] ev=0 sid=2 chunk=1406B (accum+=65676)
[06-17 13:45:52.822] [INF] [RX] ev=0 sid=2 chunk=1406B (accum+=66671)
[06-17 13:45:52.886] [INF] [RX] ev=0 sid=2 chunk=1406B (accum+=66104)
[06-17 13:45:52.926] [INF] [RX] ev=0 sid=2 chunk=1378B (accum+=65588)
[06-17 13:45:52.986] [INF] [RX] ev=0 sid=2 chunk=1406B (accum+=65594)
[06-17 13:45:53.053] [INF] [RX] ev=0 sid=2 chunk=1406B (accum+=65979)
[06-17 13:45:53.090] [INF] [RX] ev=0 sid=2 chunk=1406B (accum+=65962)
[06-17 13:45:53.153] [INF] [RX] ev=0 sid=2 chunk=1406B (accum+=65820)
[06-17 13:45:53.190] [INF] [RX] ev=0 sid=2 chunk=1406B (accum+=65847)
[01-05 1294990053665] [BENCH] Duration: 2.53s | Recv: 3.02MB | Current Rate: 9.53Mbps
[06-17 13:45:53.258] [INF] [RX] ev=0 sid=6 chunk=1406B (accum+=66882)
[06-17 13:45:53.298] [INF] [RX] ev=0 sid=6 chunk=1378B (accum+=65649)
[06-17 13:45:53.358] [INF] [RX] ev=0 sid=6 chunk=1406B (accum+=66687)
[06-17 13:45:53.420] [INF] [RX] ev=0 sid=6 chunk=1406B (accum+=65570)
[06-17 13:45:53.459] [INF] [RX] ev=0 sid=6 chunk=1406B (accum+=65694)
[06-17 13:45:53.522] [INF] [RX] ev=0 sid=6 chunk=1406B (accum+=66940)
[06-17 13:45:53.562] [INF] [RX] ev=0 sid=6 chunk=1406B (accum+=65625)
[06-17 13:45:53.622] [INF] [RX] ev=0 sid=6 chunk=1406B (accum+=66912)
[06-17 13:45:53.659] [INF] [RX] ev=0 sid=6 chunk=1186B (accum+=65604)
[01-05 1294990556536] [BENCH] Duration: 3.03s | Recv: 3.57MB | Current Rate: 9.41Mbps
[06-17 13:45:53.758] [INF] [RX] ev=0 sid=6 chunk=1406B (accum+=65795)
[06-17 13:45:53.824] [INF] [RX] ev=0 sid=6 chunk=1406B (accum+=66497)
[06-17 13:45:53.863] [INF] [RX] ev=0 sid=6 chunk=1406B (accum+=66018)
[06-17 13:45:53.926] [INF] [RX] ev=0 sid=6 chunk=1406B (accum+=66724)
[06-17 13:45:53.974] [INF] [RX] ev=0 sid=6 chunk=1378B (accum+=66147)
[06-17 13:45:54.024] [INF] [RX] ev=0 sid=6 chunk=1406B (accum+=66889)
[06-17 13:45:54.058] [INF] [RX] ev=0 sid=6 chunk=1406B (accum+=66289)
[06-17 13:45:54.124] [INF] [RX] ev=0 sid=6 chunk=1406B (accum+=66265)
[06-17 13:45:54.162] [INF] [RX] ev=0 sid=6 chunk=1406B (accum+=66409)
[06-17 13:45:54.225] [INF] [RX] ev=0 sid=6 chunk=1406B (accum+=66533)
[01-05 1294991057138] [BENCH] Duration: 3.54s | Recv: 4.19MB | Current Rate: 9.49Mbps
[06-17 13:45:54.262] [INF] [RX] ev=0 sid=6 chunk=1406B (accum+=66928)
[06-17 13:45:54.325] [INF] [RX] ev=0 sid=6 chunk=1406B (accum+=65565)
[06-17 13:45:54.362] [INF] [RX] ev=0 sid=6 chunk=1406B (accum+=66863)
[06-17 13:45:54.426] [INF] [RX] ev=0 sid=6 chunk=1406B (accum+=65859)
[06-17 13:45:54.493] [INF] [RX] ev=0 sid=6 chunk=1406B (accum+=66129)
[06-17 13:45:54.526] [INF] [RX] ev=0 sid=6 chunk=1406B (accum+=66862)
[06-17 13:45:54.594] [INF] [RX] ev=0 sid=6 chunk=1406B (accum+=66083)
[06-17 13:45:54.627] [INF] [RX] ev=0 sid=6 chunk=1406B (accum+=66863)
[06-17 13:45:54.694] [INF] [RX] ev=0 sid=6 chunk=1406B (accum+=65943)
[01-05 1294991561292] [BENCH] Duration: 4.04s | Recv: 4.79MB | Current Rate: 9.48Mbps
[06-17 13:45:54.761] [INF] [RX] ev=0 sid=6 chunk=1406B (accum+=66614)
[06-17 13:45:54.794] [INF] [RX] ev=0 sid=6 chunk=1406B (accum+=66062)
[06-17 13:45:54.862] [INF] [RX] ev=0 sid=6 chunk=1406B (accum+=66453)
[06-17 13:45:54.895] [INF] [RX] ev=0 sid=6 chunk=1406B (accum+=66334)
[06-17 13:45:54.962] [INF] [RX] ev=0 sid=6 chunk=1406B (accum+=66338)
[06-17 13:45:54.995] [INF] [RX] ev=0 sid=6 chunk=1406B (accum+=66893)
[06-17 13:45:55.061] [INF] [RX] ev=0 sid=6 chunk=1406B (accum+=65631)
[06-17 13:45:55.094] [INF] [RX] ev=0 sid=6 chunk=1406B (accum+=65905)
[06-17 13:45:55.160] [INF] [RX] ev=0 sid=6 chunk=1406B (accum+=66263)
[06-17 13:45:55.194] [INF] [RX] ev=0 sid=6 chunk=1406B (accum+=66596)
[06-17 13:45:55.260] [INF] [RX] ev=0 sid=6 chunk=1406B (accum+=66818)
[01-05 1294992061301] [BENCH] Duration: 4.54s | Recv: 5.44MB | Current Rate: 9.58Mbps
[06-17 13:45:55.329] [INF] [RX] ev=0 sid=6 chunk=1406B (accum+=66850)
[06-17 13:45:55.362] [INF] [RX] ev=0 sid=6 chunk=1406B (accum+=66769)
[06-17 13:45:55.429] [INF] [RX] ev=0 sid=6 chunk=1406B (accum+=66193)
[06-17 13:45:55.462] [INF] [RX] ev=0 sid=6 chunk=1406B (accum+=66782)
[06-17 13:45:55.530] [INF] [RX] ev=0 sid=6 chunk=1406B (accum+=66089)
[06-17 13:45:55.597] [INF] [RX] ev=0 sid=6 chunk=1406B (accum+=66381)
[06-17 13:45:55.630] [INF] [RX] ev=0 sid=6 chunk=1406B (accum+=65570)
[06-17 13:45:55.697] [INF] [RX] ev=0 sid=6 chunk=1406B (accum+=66569)
[06-17 13:45:55.730] [INF] [RX] ev=0 sid=6 chunk=1378B (accum+=65573)
[01-05 1294992565135] [BENCH] Duration: 5.04s | Recv: 6.01MB | Current Rate: 9.53Mbps
[06-17 13:45:55.797] [INF] [RX] ev=0 sid=6 chunk=1406B (accum+=66459)
[06-17 13:45:55.830] [INF] [RX] ev=0 sid=6 chunk=1406B (accum+=65678)
[06-17 13:45:55.898] [INF] [RX] ev=0 sid=6 chunk=1406B (accum+=66692)
[06-17 13:45:55.965] [INF] [RX] ev=0 sid=6 chunk=1406B (accum+=66328)
[06-17 13:45:55.998] [INF] [RX] ev=0 sid=6 chunk=1406B (accum+=65646)
[06-17 13:45:56.065] [INF] [RX] ev=0 sid=6 chunk=1406B (accum+=66658)
[06-17 13:45:56.098] [INF] [RX] ev=0 sid=6 chunk=1406B (accum+=65667)
[06-17 13:45:56.166] [INF] [RX] ev=0 sid=6 chunk=1406B (accum+=66768)
[06-17 13:45:56.232] [INF] [RX] ev=0 sid=6 chunk=1406B (accum+=66809)
[01-05 1294993065509] [BENCH] Duration: 5.54s | Recv: 6.60MB | Current Rate: 9.53Mbps
[06-17 13:45:56.266] [INF] [RX] ev=0 sid=6 chunk=1406B (accum+=65718)
[06-17 13:45:56.333] [INF] [RX] ev=0 sid=6 chunk=1406B (accum+=66770)
[06-17 13:45:56.366] [INF] [RX] ev=0 sid=6 chunk=1406B (accum+=65676)
[06-17 13:45:56.433] [INF] [RX] ev=0 sid=6 chunk=1406B (accum+=66809)
[06-17 13:45:56.500] [INF] [RX] ev=0 sid=6 chunk=1395B (accum+=66499)
[06-17 13:45:56.534] [INF] [RX] ev=0 sid=6 chunk=1406B (accum+=65643)
[06-17 13:45:56.601] [INF] [RX] ev=0 sid=6 chunk=1406B (accum+=66612)
[06-17 13:45:56.634] [INF] [RX] ev=0 sid=6 chunk=1406B (accum+=65711)
[06-17 13:45:56.702] [INF] [RX] ev=0 sid=6 chunk=1406B (accum+=66531)
[06-17 13:45:56.735] [INF] [RX] ev=0 sid=6 chunk=1406B (accum+=65561)
[01-05 1294993569202] [BENCH] Duration: 6.05s | Recv: 7.20MB | Current Rate: 9.53Mbps
[06-17 13:45:56.802] [INF] [RX] ev=0 sid=6 chunk=1406B (accum+=66494)
[06-17 13:45:56.870] [INF] [RX] ev=0 sid=2 chunk=1406B (accum+=66677)
[06-17 13:45:56.907] [INF] [RX] ev=0 sid=2 chunk=1406B (accum+=65583)
[06-17 13:45:56.970] [INF] [RX] ev=0 sid=2 chunk=1406B (accum+=65584)
[06-17 13:45:57.007] [INF] [RX] ev=0 sid=2 chunk=1406B (accum+=65650)
[06-17 13:45:57.070] [INF] [RX] ev=0 sid=2 chunk=1406B (accum+=66652)
[06-17 13:45:57.137] [INF] [RX] ev=0 sid=2 chunk=1395B (accum+=66675)
[06-17 13:45:57.170] [INF] [RX] ev=0 sid=2 chunk=1406B (accum+=65714)
[06-17 13:45:57.237] [INF] [RX] ev=0 sid=2 chunk=1406B (accum+=66623)
[01-05 1294994069203] [BENCH] Duration: 6.55s | Recv: 7.80MB | Current Rate: 9.53Mbps
[06-17 13:45:57.271] [INF] [RX] ev=0 sid=2 chunk=1406B (accum+=65605)
[06-17 13:45:57.338] [INF] [RX] ev=0 sid=2 chunk=1406B (accum+=66661)
[06-17 13:45:57.374] [INF] [RX] ev=0 sid=2 chunk=1378B (accum+=65625)
[06-17 13:45:57.437] [INF] [RX] ev=0 sid=2 chunk=1378B (accum+=66740)
[06-17 13:45:57.506] [INF] [RX] ev=0 sid=2 chunk=1406B (accum+=66690)
[06-17 13:45:57.538] [INF] [RX] ev=0 sid=2 chunk=1406B (accum+=65658)
[06-17 13:45:57.605] [INF] [RX] ev=0 sid=2 chunk=1406B (accum+=66620)
[06-17 13:45:57.638] [INF] [RX] ev=0 sid=2 chunk=1406B (accum+=65749)
[06-17 13:45:57.706] [INF] [RX] ev=0 sid=2 chunk=1406B (accum+=66696)
[01-05 1294994569398] [BENCH] Duration: 7.05s | Recv: 8.40MB | Current Rate: 9.53Mbps
[06-17 13:45:57.769] [INF] [RX] ev=0 sid=2 chunk=1406B (accum+=66773)
[06-17 13:45:57.806] [INF] [RX] ev=0 sid=2 chunk=1406B (accum+=66909)
[06-17 13:45:57.873] [INF] [RX] ev=0 sid=2 chunk=1406B (accum+=66052)
[06-17 13:45:57.906] [INF] [RX] ev=0 sid=2 chunk=1406B (accum+=65633)
[06-17 13:45:57.974] [INF] [RX] ev=0 sid=2 chunk=1406B (accum+=66554)
[06-17 13:45:58.036] [INF] [RX] ev=0 sid=2 chunk=1395B (accum+=66591)
[06-17 13:45:58.074] [INF] [RX] ev=0 sid=2 chunk=1406B (accum+=65677)
[06-17 13:45:58.137] [INF] [RX] ev=0 sid=2 chunk=1406B (accum+=66520)
[06-17 13:45:58.174] [INF] [RX] ev=0 sid=2 chunk=1406B (accum+=65562)
[06-17 13:45:58.241] [INF] [RX] ev=0 sid=2 chunk=1406B (accum+=66495)
[01-05 1294995073568] [BENCH] Duration: 7.55s | Recv: 8.99MB | Current Rate: 9.53Mbps
[06-17 13:45:58.274] [INF] [RX] ev=0 sid=2 chunk=1406B (accum+=65554)
[06-17 13:45:58.342] [INF] [RX] ev=0 sid=2 chunk=1406B (accum+=66430)
[06-17 13:45:58.405] [INF] [RX] ev=0 sid=2 chunk=1406B (accum+=66657)
[06-17 13:45:58.442] [INF] [RX] ev=0 sid=2 chunk=1406B (accum+=65607)
[06-17 13:45:58.505] [INF] [RX] ev=0 sid=2 chunk=1406B (accum+=66449)
[06-17 13:45:58.542] [INF] [RX] ev=0 sid=2 chunk=1406B (accum+=65638)
[06-17 13:45:58.610] [INF] [RX] ev=0 sid=2 chunk=1406B (accum+=66449)
[06-17 13:45:58.671] [INF] [RX] ev=0 sid=2 chunk=1406B (accum+=66483)
[06-17 13:45:58.708] [INF] [RX] ev=0 sid=2 chunk=1406B (accum+=65651)
[06-17 13:45:58.767] [INF] [RX] ev=0 sid=2 chunk=1406B (accum+=66495)
[01-05 1294995604388] [BENCH] Duration: 8.08s | Recv: 9.63MB | Current Rate: 9.53Mbps
[06-17 13:45:58.805] [INF] [RX] ev=0 sid=2 chunk=1406B (accum+=65542)
[06-17 13:45:58.868] [INF] [RX] ev=0 sid=2 chunk=1406B (accum+=66548)
