This is pdfTeX, Version 3.141592653-2.6-1.40.25 (TeX Live 2023/Debian) (preloaded format=pdflatex)
 restricted \write18 enabled.
entering extended mode
(./paper.tex
LaTeX2e <2023-11-01> patch level 1
L3 programming layer <2024-01-22>
(/usr/share/texlive/texmf-dist/tex/latex/elsarticle/elsarticle.cls
Document Class: elsarticle 2020/11/20, 3.3: Elsevier Ltd
(/usr/share/texlive/texmf-dist/tex/latex/l3kernel/expl3.sty
(/usr/share/texlive/texmf-dist/tex/latex/l3backend/l3backend-pdftex.def))
(/usr/share/texlive/texmf-dist/tex/latex/l3packages/xparse/xparse.sty)
(/usr/share/texlive/texmf-dist/tex/latex/etoolbox/etoolbox.sty)
(/usr/share/texlive/texmf-dist/tex/latex/base/article.cls
Document Class: article 2023/05/17 v1.4n Standard LaTeX document class
(/usr/share/texlive/texmf-dist/tex/latex/base/size11.clo))
(/usr/share/texlive/texmf-dist/tex/latex/graphics/graphicx.sty
(/usr/share/texlive/texmf-dist/tex/latex/graphics/keyval.sty)
(/usr/share/texlive/texmf-dist/tex/latex/graphics/graphics.sty
(/usr/share/texlive/texmf-dist/tex/latex/graphics/trig.sty)
(/usr/share/texlive/texmf-dist/tex/latex/graphics-cfg/graphics.cfg)
(/usr/share/texlive/texmf-dist/tex/latex/graphics-def/pdftex.def)))
(./paper.spl) (/usr/share/texlive/texmf-dist/tex/latex/natbib/natbib.sty))
(/usr/share/texlive/texmf-dist/tex/latex/amsmath/amsmath.sty
For additional information on amsmath, use the `?' option.
(/usr/share/texlive/texmf-dist/tex/latex/amsmath/amstext.sty
(/usr/share/texlive/texmf-dist/tex/latex/amsmath/amsgen.sty))
(/usr/share/texlive/texmf-dist/tex/latex/amsmath/amsbsy.sty)
(/usr/share/texlive/texmf-dist/tex/latex/amsmath/amsopn.sty))
(/usr/share/texlive/texmf-dist/tex/latex/amsfonts/amssymb.sty
(/usr/share/texlive/texmf-dist/tex/latex/amsfonts/amsfonts.sty))
(/usr/share/texlive/texmf-dist/tex/latex/booktabs/booktabs.sty)
(/usr/share/texlive/texmf-dist/tex/latex/tools/array.sty)
(/usr/share/texlive/texmf-dist/tex/latex/tools/calc.sty)
(/usr/share/texlive/texmf-dist/tex/latex/tools/longtable.sty)
(/usr/share/texlive/texmf-dist/tex/latex/hyperref/hyperref.sty
(/usr/share/texlive/texmf-dist/tex/generic/iftex/iftex.sty)
(/usr/share/texlive/texmf-dist/tex/latex/kvsetkeys/kvsetkeys.sty)
(/usr/share/texlive/texmf-dist/tex/generic/kvdefinekeys/kvdefinekeys.sty)
(/usr/share/texlive/texmf-dist/tex/generic/pdfescape/pdfescape.sty
(/usr/share/texlive/texmf-dist/tex/generic/ltxcmds/ltxcmds.sty)
(/usr/share/texlive/texmf-dist/tex/generic/pdftexcmds/pdftexcmds.sty
(/usr/share/texlive/texmf-dist/tex/generic/infwarerr/infwarerr.sty)))
(/usr/share/texlive/texmf-dist/tex/latex/hycolor/hycolor.sty)
(/usr/share/texlive/texmf-dist/tex/latex/auxhook/auxhook.sty)
(/usr/share/texlive/texmf-dist/tex/latex/hyperref/nameref.sty
(/usr/share/texlive/texmf-dist/tex/latex/refcount/refcount.sty)
(/usr/share/texlive/texmf-dist/tex/generic/gettitlestring/gettitlestring.sty
(/usr/share/texlive/texmf-dist/tex/latex/kvoptions/kvoptions.sty)))
(/usr/share/texlive/texmf-dist/tex/latex/hyperref/pd1enc.def)
(/usr/share/texlive/texmf-dist/tex/generic/intcalc/intcalc.sty)
(/usr/share/texlive/texmf-dist/tex/latex/hyperref/puenc.def)
(/usr/share/texlive/texmf-dist/tex/latex/url/url.sty)
(/usr/share/texlive/texmf-dist/tex/generic/bitset/bitset.sty
(/usr/share/texlive/texmf-dist/tex/generic/bigintcalc/bigintcalc.sty))
(/usr/share/texlive/texmf-dist/tex/latex/base/atbegshi-ltx.sty))
(/usr/share/texlive/texmf-dist/tex/latex/hyperref/hpdftex.def
(/usr/share/texlive/texmf-dist/tex/latex/base/atveryend-ltx.sty)
(/usr/share/texlive/texmf-dist/tex/latex/rerunfilecheck/rerunfilecheck.sty
(/usr/share/texlive/texmf-dist/tex/generic/uniquecounter/uniquecounter.sty)))
(./paper.aux)
(/usr/share/texlive/texmf-dist/tex/context/base/mkii/supp-pdf.mkii
[Loading MPS to PDF converter (version 2006.09.02).]
) (/usr/share/texlive/texmf-dist/tex/latex/epstopdf-pkg/epstopdf-base.sty
(/usr/share/texlive/texmf-dist/tex/latex/latexconfig/epstopdf-sys.cfg))
(./paper.out) (./paper.out)
(/usr/share/texlive/texmf-dist/tex/latex/amsfonts/umsa.fd)
(/usr/share/texlive/texmf-dist/tex/latex/amsfonts/umsb.fd)
Overfull \hbox (2.43333pt too wide) has occurred while \output is active
[] 

Package hyperref Warning: Token not allowed in a PDF string (Unicode):
(hyperref)                removing `\<def>-command' on input line 27.


Package hyperref Warning: Token not allowed in a PDF string (Unicode):
(hyperref)                removing `\cnotenum' on input line 27.


Package hyperref Warning: Token not allowed in a PDF string (Unicode):
(hyperref)                removing `\<def>-command' on input line 27.


Package hyperref Warning: Token not allowed in a PDF string (Unicode):
(hyperref)                removing `\@corref' on input line 27.

[1{/var/lib/texmf/fonts/map/pdftex/updmap/pdftex.map}] [2] [3 <./figures/image1
.png>] [4] [5] [6]
Overfull \hbox (1.24995pt too wide) in paragraph at lines 69--70
\OT1/cmr/m/n/10.95 and proves reach-a-bil-ity through a PATH[]CHALLENGE/PATH[]R
ESPONSE
[7] [8] [9 <./figures/image2.png>] [10 <./figures/image3.png>]
Overfull \hbox (3.78258pt too wide) in paragraph at lines 129--130
\OT1/cmr/m/n/10.95 ac-knowl-edg-ment (ACK) stream and smoothed via an Ex-po-nen
-tially Weighted
(/usr/share/texlive/texmf-dist/tex/latex/base/omlcmr.fd) [11] [12] [13]
(/usr/share/texlive/texmf-dist/tex/latex/base/omscmr.fd)
Overfull \hbox (2.58325pt too wide) in paragraph at lines 220--221
[]\OT1/cmr/m/n/10.95 Our testbed re-pro-duces a re-al-is-tic AMR up-link. The s
ender is an NVIDIA
[14]

! LaTeX Error: Unicode character 배 (U+BC30)
               not set up for use with LaTeX.

See the LaTeX manual or LaTeX Companion for explanation.
Type  H <return>  for immediate help.
 ...                                              
                                                  
l.224 ... 실주행 검증 시 값 기입 (R3.6)]}
                                                  . Each (scenario, schedule...


! LaTeX Error: Unicode character 치 (U+CE58)
               not set up for use with LaTeX.

See the LaTeX manual or LaTeX Companion for explanation.
Type  H <return>  for immediate help.
 ...                                              
                                                  
l.224 ... 실주행 검증 시 값 기입 (R3.6)]}
                                                  . Each (scenario, schedule...


! LaTeX Error: Unicode character 로 (U+B85C)
               not set up for use with LaTeX.

See the LaTeX manual or LaTeX Companion for explanation.
Type  H <return>  for immediate help.
 ...                                              
                                                  
l.224 ... 실주행 검증 시 값 기입 (R3.6)]}
                                                  . Each (scenario, schedule...


! LaTeX Error: Unicode character 봇 (U+BD07)
               not set up for use with LaTeX.

See the LaTeX manual or LaTeX Companion for explanation.
Type  H <return>  for immediate help.
 ...                                              
                                                  
l.224 ... 실주행 검증 시 값 기입 (R3.6)]}
                                                  . Each (scenario, schedule...


! LaTeX Error: Unicode character 속 (U+C18D)
               not set up for use with LaTeX.

See the LaTeX manual or LaTeX Companion for explanation.
Type  H <return>  for immediate help.
 ...                                              
                                                  
l.224 ... 실주행 검증 시 값 기입 (R3.6)]}
                                                  . Each (scenario, schedule...


! LaTeX Error: Unicode character 도 (U+B3C4)
               not set up for use with LaTeX.

See the LaTeX manual or LaTeX Companion for explanation.
Type  H <return>  for immediate help.
 ...                                              
                                                  
l.224 ... 실주행 검증 시 값 기입 (R3.6)]}
                                                  . Each (scenario, schedule...


! LaTeX Error: Unicode character 실 (U+C2E4)
               not set up for use with LaTeX.

See the LaTeX manual or LaTeX Companion for explanation.
Type  H <return>  for immediate help.
 ...                                              
                                                  
l.224 ... 실주행 검증 시 값 기입 (R3.6)]}
                                                  . Each (scenario, schedule...


! LaTeX Error: Unicode character 주 (U+C8FC)
               not set up for use with LaTeX.

See the LaTeX manual or LaTeX Companion for explanation.
Type  H <return>  for immediate help.
 ...                                              
                                                  
l.224 ... 실주행 검증 시 값 기입 (R3.6)]}
                                                  . Each (scenario, schedule...


! LaTeX Error: Unicode character 행 (U+D589)
               not set up for use with LaTeX.

See the LaTeX manual or LaTeX Companion for explanation.
Type  H <return>  for immediate help.
 ...                                              
                                                  
l.224 ... 실주행 검증 시 값 기입 (R3.6)]}
                                                  . Each (scenario, schedule...


! LaTeX Error: Unicode character 검 (U+AC80)
               not set up for use with LaTeX.

See the LaTeX manual or LaTeX Companion for explanation.
Type  H <return>  for immediate help.
 ...                                              
                                                  
l.224 ... 실주행 검증 시 값 기입 (R3.6)]}
                                                  . Each (scenario, schedule...


! LaTeX Error: Unicode character 증 (U+C99D)
               not set up for use with LaTeX.

See the LaTeX manual or LaTeX Companion for explanation.
Type  H <return>  for immediate help.
 ...                                              
                                                  
l.224 ... 실주행 검증 시 값 기입 (R3.6)]}
                                                  . Each (scenario, schedule...


! LaTeX Error: Unicode character 시 (U+C2DC)
               not set up for use with LaTeX.

See the LaTeX manual or LaTeX Companion for explanation.
Type  H <return>  for immediate help.
 ...                                              
                                                  
l.224 ... 실주행 검증 시 값 기입 (R3.6)]}
                                                  . Each (scenario, schedule...


! LaTeX Error: Unicode character 값 (U+AC12)
               not set up for use with LaTeX.

See the LaTeX manual or LaTeX Companion for explanation.
Type  H <return>  for immediate help.
 ...                                              
                                                  
l.224 ... 실주행 검증 시 값 기입 (R3.6)]}
                                                  . Each (scenario, schedule...


! LaTeX Error: Unicode character 기 (U+AE30)
               not set up for use with LaTeX.

See the LaTeX manual or LaTeX Companion for explanation.
Type  H <return>  for immediate help.
 ...                                              
                                                  
l.224 ... 실주행 검증 시 값 기입 (R3.6)]}
                                                  . Each (scenario, schedule...


! LaTeX Error: Unicode character 입 (U+C785)
               not set up for use with LaTeX.

See the LaTeX manual or LaTeX Companion for explanation.
Type  H <return>  for immediate help.
 ...                                              
                                                  
l.224 ... 실주행 검증 시 값 기입 (R3.6)]}
                                                  . Each (scenario, schedule...

[15] [16 <./figures/image4.png>] [17]
Overfull \hbox (8.13336pt too wide) in paragraph at lines 292--293
\OT1/cmr/m/n/10.95 han-dover tim-ings be-cause it re-lies on time-out and con-n
ec-tion re-establishment,
[18 <./figures/image5.png>] [19 <./figures/image6.png>] [20 <./figures/image7.p
ng>]
Overfull \hbox (41.78932pt too wide) in paragraph at lines 336--337
[][] 
[21 <./figures/image8.png> <./figures/image9.png>] [22 <./figures/image10.png>]

Overfull \hbox (2.99246pt too wide) in paragraph at lines 353--354
\OT1/cmr/bx/n/10.95 [NUM]\OT1/cmr/m/n/10.95 , while pre-serv-ing steady-state t
hrough-put \OT1/cmr/bx/n/10.95 [NUM]\OT1/cmr/m/n/10.95 . We re-port means
[23]
Underfull \hbox (badness 1527) in paragraph at lines 367--368
[]\OT1/cmr/m/n/10.95 P. Chi-avassa, S. Scanzio, G. Cena, F. Wil-helmi, and B. B
el-

Underfull \hbox (badness 2173) in paragraph at lines 367--368
\OT1/cmr/m/n/10.95 ing Tech-nolo-gies and Fac-tory Au-toma-tion (ETFA), 2025. D
OI:
[24] [25] [26] [27] [28] (./paper.aux

Package natbib Warning: Citation(s) may have changed.
(natbib)                Rerun to get citations correct.

)
kpathsea: Running mktexpk --mfmode / --bdpi 600 --mag 1+0/600 --dpi 600 tcrm1095
mktexpk: Running mf-nowin -progname=mf \mode:=ljfour; mag:=1+0/600; nonstopmode; input tcrm1095
This is METAFONT, Version 2.71828182 (TeX Live 2023/Debian) (preloaded base=mf)

(/usr/share/texlive/texmf-dist/fonts/source/jknappen/ec/tcrm1095.mf
(/usr/share/texlive/texmf-dist/fonts/source/jknappen/ec/exbase.mf)
(/usr/share/texlive/texmf-dist/fonts/source/jknappen/ec/tcrm.mf
(/usr/share/texlive/texmf-dist/fonts/source/jknappen/ec/txsymb.mf
 Ok (/usr/share/texlive/texmf-dist/fonts/source/jknappen/ec/exaccess.mf
 Ok) (/usr/share/texlive/texmf-dist/fonts/source/jknappen/ec/txpseudo.mf
 Ok) (/usr/share/texlive/texmf-dist/fonts/source/jknappen/ec/txaccent.mf
 Ok [0] [1] [2] [3] [4] [5] [6] [7] [8] [9] [10] [11] [12] [27] [29])
(/usr/share/texlive/texmf-dist/fonts/source/jknappen/ec/txgen.mf
 Ok [100] [109] [98] [99] [108])
(/usr/share/texlive/texmf-dist/fonts/source/jknappen/ec/txsymbol.mf
 Ok [13] [18] [21] [22] [23] [24] [25] [26] [28] [31] [32] [36] [39] [44]
[45] [46] [42] [47] [60] [61] [62] [77] [79] [87] [110] [91] [93] [94] [95]
[96] [126] [127] [128] [129] [130] [131] [132] [133] [134] [135] [136] [137]
[138] [139] [140] [141] [142] [143] [144] [145] [146] [147] [148] [149]
[150] [151] [152] [153] [154] [155] [156] [157] [158] [159] [160] [161]
[162] [163] [164] [165] [166] [167] [168] [169] [171] [172] [173] [174]
[175] [177] [176] [180] [181] [182] [183] [184] [187] [191] [214] [246])
(/usr/share/texlive/texmf-dist/fonts/source/jknappen/ec/txromod.mf
 Ok [48] [49] [50] [51] [52] [53] [54] [55] [56] [57])
(/usr/share/texlive/texmf-dist/fonts/source/jknappen/ec/txrsuper.mf
 Ok [185] [178] [179] [170] [186])
(/usr/share/texlive/texmf-dist/fonts/source/jknappen/ec/txrfract.mf
 Ok [188] [189] [190]) ) ) )
(some charht values had to be adjusted by as much as 0.06952pt)
Font metrics written on tcrm1095.tfm.
Output written on tcrm1095.600gf (128 characters, 25592 bytes).
Transcript written on tcrm1095.log.
mktexpk: /home/ryzen395/.texlive2023/texmf-var/fonts/pk/ljfour/jknappen/ec/tcrm1095.600pk: successfully generated.


LaTeX Warning: Label(s) may have changed. Rerun to get cross-references right.


Package rerunfilecheck Warning: File `paper.out' has changed.
(rerunfilecheck)                Rerun to get outlines right
(rerunfilecheck)                or use package `bookmark'.

 )
(see the transcript file for additional information) </home/ryzen395/.texlive20
23/texmf-var/fonts/pk/ljfour/jknappen/ec/tcrm1095.600pk>
kpathsea: Running mktexpk --mfmode / --bdpi 600 --mag 1+0/600 --dpi 600 tcbx1095
mktexpk: Running mf-nowin -progname=mf \mode:=ljfour; mag:=1+0/600; nonstopmode; input tcbx1095
This is METAFONT, Version 2.71828182 (TeX Live 2023/Debian) (preloaded base=mf)

(/usr/share/texlive/texmf-dist/fonts/source/jknappen/ec/tcbx1095.mf
(/usr/share/texlive/texmf-dist/fonts/source/jknappen/ec/exbase.mf)
(/usr/share/texlive/texmf-dist/fonts/source/jknappen/ec/tcbx.mf
(/usr/share/texlive/texmf-dist/fonts/source/jknappen/ec/txsymb.mf
 Ok (/usr/share/texlive/texmf-dist/fonts/source/jknappen/ec/exaccess.mf
 Ok) (/usr/share/texlive/texmf-dist/fonts/source/jknappen/ec/txpseudo.mf
 Ok) (/usr/share/texlive/texmf-dist/fonts/source/jknappen/ec/txaccent.mf
 Ok [0] [1] [2] [3] [4] [5] [6] [7] [8] [9] [10] [11] [12] [27] [29])
(/usr/share/texlive/texmf-dist/fonts/source/jknappen/ec/txgen.mf
 Ok [100] [109] [98] [99] [108])
(/usr/share/texlive/texmf-dist/fonts/source/jknappen/ec/txsymbol.mf
 Ok [13] [18] [21] [22] [23] [24] [25] [26] [28] [31] [32] [36] [39] [44]
[45] [46] [42] [47] [60] [61] [62] [77] [79] [87] [110] [91] [93] [94] [95]
[96] [126] [127] [128] [129] [130] [131] [132] [133] [134] [135] [136] [137]
[138] [139] [140] [141] [142] [143] [144] [145] [146] [147] [148] [149]
[150] [151] [152] [153] [154] [155] [156] [157] [158] [159] [160] [161]
[162] [163] [164] [165] [166] [167] [168] [169] [171] [172] [173] [174]
[175] [177] [176] [180] [181] [182] [183] [184] [187] [191] [214] [246])
(/usr/share/texlive/texmf-dist/fonts/source/jknappen/ec/txromod.mf
 Ok [48] [49] [50] [51] [52] [53] [54] [55] [56] [57])
(/usr/share/texlive/texmf-dist/fonts/source/jknappen/ec/txrsuper.mf
 Ok [185] [178] [179] [170] [186])
(/usr/share/texlive/texmf-dist/fonts/source/jknappen/ec/txrfract.mf
 Ok [188] [189] [190]) ) ) )
Font metrics written on tcbx1095.tfm.
Output written on tcbx1095.600gf (128 characters, 25176 bytes).
Transcript written on tcbx1095.log.
mktexpk: /home/ryzen395/.texlive2023/texmf-var/fonts/pk/ljfour/jknappen/ec/tcbx1095.600pk: successfully generated.
 </home/ryzen395/.texli
ve2023/texmf-var/fonts/pk/ljfour/jknappen/ec/tcbx1095.600pk></usr/share/texlive
/texmf-dist/fonts/type1/public/amsfonts/cm/cmbx10.pfb></usr/share/texlive/texmf
-dist/fonts/type1/public/amsfonts/cm/cmex10.pfb></usr/share/texlive/texmf-dist/
fonts/type1/public/amsfonts/cm/cmmi10.pfb></usr/share/texlive/texmf-dist/fonts/
type1/public/amsfonts/cm/cmmi8.pfb></usr/share/texlive/texmf-dist/fonts/type1/p
ublic/amsfonts/cm/cmr10.pfb></usr/share/texlive/texmf-dist/fonts/type1/public/a
msfonts/cm/cmr12.pfb></usr/share/texlive/texmf-dist/fonts/type1/public/amsfonts
/cm/cmr8.pfb></usr/share/texlive/texmf-dist/fonts/type1/public/amsfonts/cm/cmr9
.pfb></usr/share/texlive/texmf-dist/fonts/type1/public/amsfonts/cm/cmsy10.pfb><
/usr/share/texlive/texmf-dist/fonts/type1/public/amsfonts/cm/cmsy6.pfb></usr/sh
are/texlive/texmf-dist/fonts/type1/public/amsfonts/cm/cmsy8.pfb></usr/share/tex
live/texmf-dist/fonts/type1/public/amsfonts/cm/cmti10.pfb></usr/share/texlive/t
exmf-dist/fonts/type1/public/amsfonts/cm/cmti7.pfb></usr/share/texlive/texmf-di
st/fonts/type1/public/amsfonts/cm/cmti9.pfb>
Output written on paper.pdf (28 pages, 728547 bytes).
Transcript written on paper.log.
