[*] launching: /home/ryzen395/mpquic/build/server_recv
    PORT=4433
    CERT=/home/ryzen395/mpquic/certs/cert.pem
    KEY =/home/ryzen395/mpquic/certs/key.pem
    OUT_DIR=/home/ryzen395/mpquic/experiment_runs/20260617-record-degrade-134426/frames
    QLOG_DIR=/home/ryzen395/mpquic/build/qlogs_svr  BINLOG_DIR=/home/ryzen395/mpquic/build/binlog_svr
    SVR_PREVIEW=1  SVR_SAVE_FRAMES=0
    SVR_PREVIEW_CMD=ffmpeg -y -loglevel error -fflags nobuffer -framerate 30 -f mjpeg -i - -an -c:v libx264 -preset veryfast -tune zerolatency -profile:v high -b:v 2M -maxrate 4M -bufsize 4M -bf 0 -pix_fmt yuv420p "/home/ryzen395/mpquic/experiment_runs/20260617-record-degrade-134426/preview.mp4"
[06-17 13:44:27.521] [SVR][MAIN] args: port=4433 cert=/home/ryzen395/mpquic/certs/cert.pem key=/home/ryzen395/mpquic/certs/key.pem out=/home/ryzen395/mpquic/experiment_runs/20260617-record-degrade-134426/frames max_frames=0
[06-17 13:44:27.521] [SVR][MAIN] creating QUIC ctx (ALPN=hq)...
[06-17 13:44:27.523] [SVR][MAIN] listen UDP :4433 (raw streams, MP enabled)
[06-17 13:44:27.523] [INF] [LOOP] QUIC ready, waiting for connections...
[06-17 13:44:32.144] [INF] [CNX] state=other nb_paths=1 peer=192.168.0.13:45626
[06-17 13:44:32.144] [INF] [CNX] state=other nb_paths=1 peer=192.168.0.13:45626
[06-17 13:44:32.146] [INF] [CNX] state=ready nb_paths=1 peer=192.168.0.13:45626
[06-17 13:44:32.146] [INF] [CNX] READY peer=192.168.0.13:45626 (paths=1)
[06-17 13:44:32.210] [INF] [RX] ev=0 sid=2 chunk=1407B (accum+=66910)
[INF] [PREVIEW] enabled via command: ffmpeg -y -loglevel error -fflags nobuffer -framerate 30 -f mjpeg -i - -an -c:v libx264 -preset veryfast -tune zerolatency -profile:v high -b:v 2M -maxrate 4M -bufsize 4M -bf 0 -pix_fmt yuv420p "/home/ryzen395/mpquic/experiment_runs/20260617-record-degrade-134426/preview.mp4"
[INF] [PREVIEW] disk frame saving disabled (SVR_SAVE_FRAMES=0)
[06-17 13:44:32.243] [INF] [RX] ev=0 sid=2 chunk=1407B (accum+=65644)
[06-17 13:44:32.306] [INF] [RX] ev=0 sid=2 chunk=1406B (accum+=66469)
[06-17 13:44:32.342] [INF] [RX] ev=0 sid=2 chunk=1406B (accum+=66498)
[06-17 13:44:32.407] [INF] [RX] ev=0 sid=2 chunk=1406B (accum+=66107)
[06-17 13:44:32.442] [INF] [RX] ev=0 sid=2 chunk=1406B (accum+=66431)
[06-17 13:44:32.507] [INF] [RX] ev=0 sid=2 chunk=1406B (accum+=66883)
[06-17 13:44:32.571] [INF] [RX] ev=0 sid=2 chunk=1406B (accum+=66070)
[06-17 13:44:32.618] [INF] [RX] ev=0 sid=2 chunk=1406B (accum+=66869)
[01-05 1294909474974] [BENCH] Duration: 0.53s | Recv: 0.62MB | Current Rate: 9.42Mbps
[06-17 13:44:32.675] [INF] [RX] ev=0 sid=2 chunk=1406B (accum+=66074)
[06-17 13:44:32.711] [INF] [RX] ev=0 sid=2 chunk=1406B (accum+=66816)
[06-17 13:44:32.775] [INF] [RX] ev=0 sid=2 chunk=1406B (accum+=65681)
[06-17 13:44:32.840] [INF] [RX] ev=0 sid=2 chunk=1406B (accum+=66608)
[06-17 13:44:32.878] [INF] [RX] ev=0 sid=2 chunk=1406B (accum+=66683)
[06-17 13:44:32.910] [INF] [RX] ev=0 sid=2 chunk=1339B (accum+=66079)
[06-17 13:44:32.975] [INF] [RX] ev=0 sid=2 chunk=1406B (accum+=66812)
[06-17 13:44:33.010] [INF] [RX] ev=0 sid=2 chunk=1406B (accum+=66844)
[06-17 13:44:33.076] [INF] [RX] ev=0 sid=2 chunk=1406B (accum+=65773)
[06-17 13:44:33.110] [INF] [RX] ev=0 sid=2 chunk=1371B (accum+=66043)
[01-05 1294909977447] [BENCH] Duration: 1.03s | Recv: 1.25MB | Current Rate: 9.68Mbps
[06-17 13:44:33.178] [INF] [RX] ev=0 sid=2 chunk=1406B (accum+=65604)
[06-17 13:44:33.243] [INF] [RX] ev=0 sid=2 chunk=1406B (accum+=66655)
[06-17 13:44:33.276] [INF] [RX] ev=0 sid=2 chunk=1406B (accum+=65841)
[06-17 13:44:33.343] [INF] [RX] ev=0 sid=2 chunk=1406B (accum+=65809)
[06-17 13:44:33.378] [INF] [RX] ev=0 sid=2 chunk=1406B (accum+=65537)
[06-17 13:44:33.444] [INF] [RX] ev=0 sid=2 chunk=1406B (accum+=66571)
[06-17 13:44:33.478] [INF] [RX] ev=0 sid=2 chunk=514B (accum+=65971)
[06-17 13:44:33.544] [INF] [RX] ev=0 sid=2 chunk=1406B (accum+=66874)
[06-17 13:44:33.611] [INF] [RX] ev=0 sid=2 chunk=1406B (accum+=65720)
[06-17 13:44:33.644] [INF] [RX] ev=0 sid=2 chunk=1406B (accum+=66341)
[01-05 1294910477452] [BENCH] Duration: 1.53s | Recv: 1.88MB | Current Rate: 9.85Mbps
[06-17 13:44:33.711] [INF] [RX] ev=0 sid=2 chunk=1406B (accum+=66222)
[06-17 13:44:33.744] [INF] [RX] ev=0 sid=2 chunk=1406B (accum+=66084)
[06-17 13:44:33.782] [INF] [RX] ev=0 sid=2 chunk=1406B (accum+=65649)
[06-17 13:44:33.845] [INF] [RX] ev=0 sid=2 chunk=1406B (accum+=65682)
[06-17 13:44:33.911] [INF] [RX] ev=0 sid=2 chunk=1395B (accum+=65863)
[06-17 13:44:33.944] [INF] [RX] ev=0 sid=2 chunk=1406B (accum+=65651)
[06-17 13:44:34.012] [INF] [RX] ev=0 sid=2 chunk=1406B (accum+=65666)
[06-17 13:44:34.046] [INF] [RX] ev=0 sid=2 chunk=1406B (accum+=66718)
[06-17 13:44:34.112] [INF] [RX] ev=0 sid=2 chunk=1406B (accum+=66201)
[06-17 13:44:34.150] [INF] [RX] ev=0 sid=2 chunk=912B (accum+=66326)
[01-05 1294910979714] [BENCH] Duration: 2.03s | Recv: 2.46MB | Current Rate: 9.69Mbps
[06-17 13:44:34.215] [INF] [RX] ev=0 sid=2 chunk=1406B (accum+=65545)
[06-17 13:44:34.279] [INF] [RX] ev=0 sid=2 chunk=1406B (accum+=66601)
[06-17 13:44:34.314] [INF] [RX] ev=0 sid=2 chunk=1406B (accum+=66048)
[06-17 13:44:34.380] [INF] [RX] ev=0 sid=2 chunk=1406B (accum+=65677)
[06-17 13:44:34.412] [INF] [RX] ev=0 sid=2 chunk=1406B (accum+=66924)
[06-17 13:44:34.478] [INF] [RX] ev=0 sid=2 chunk=1406B (accum+=65763)
[06-17 13:44:34.512] [INF] [RX] ev=0 sid=2 chunk=1406B (accum+=66719)
[06-17 13:44:34.580] [INF] [RX] ev=0 sid=2 chunk=1406B (accum+=66350)
[06-17 13:44:34.617] [INF] [RX] ev=0 sid=2 chunk=1406B (accum+=66205)
[01-05 1294911480812] [BENCH] Duration: 2.53s | Recv: 3.08MB | Current Rate: 9.72Mbps
[06-17 13:44:34.681] [INF] [RX] ev=0 sid=2 chunk=1406B (accum+=66139)
[06-17 13:44:34.748] [INF] [RX] ev=0 sid=2 chunk=1406B (accum+=66587)
[06-17 13:44:34.780] [INF] [RX] ev=0 sid=2 chunk=1406B (accum+=66166)
[06-17 13:44:34.849] [INF] [RX] ev=0 sid=2 chunk=1406B (accum+=65838)
[06-17 13:44:34.887] [INF] [RX] ev=0 sid=2 chunk=1406B (accum+=66724)
[06-17 13:44:34.948] [INF] [RX] ev=0 sid=2 chunk=1406B (accum+=65803)
[06-17 13:44:35.015] [INF] [RX] ev=0 sid=6 chunk=1408B (accum+=66060)
[06-17 13:44:35.051] [INF] [RX] ev=0 sid=6 chunk=1406B (accum+=65902)
[06-17 13:44:35.115] [INF] [RX] ev=0 sid=6 chunk=1406B (accum+=66045)
[06-17 13:44:35.152] [INF] [RX] ev=0 sid=6 chunk=1406B (accum+=66839)
[01-05 1294911981149] [BENCH] Duration: 3.03s | Recv: 3.69MB | Current Rate: 9.73Mbps
[06-17 13:44:35.209] [INF] [RX] ev=0 sid=6 chunk=1395B (accum+=66929)
[06-17 13:44:35.248] [INF] [RX] ev=0 sid=6 chunk=1406B (accum+=66680)
[06-17 13:44:35.311] [INF] [RX] ev=0 sid=6 chunk=1406B (accum+=65590)
[06-17 13:44:35.350] [INF] [RX] ev=0 sid=6 chunk=1406B (accum+=66337)
[06-17 13:44:35.414] [INF] [RX] ev=0 sid=6 chunk=1406B (accum+=66669)
[06-17 13:44:35.455] [INF] [RX] ev=0 sid=6 chunk=1406B (accum+=66789)
[06-17 13:44:35.510] [INF] [RX] ev=0 sid=6 chunk=1406B (accum+=66021)
[06-17 13:44:35.576] [INF] [RX] ev=0 sid=6 chunk=1406B (accum+=66622)
[06-17 13:44:35.610] [INF] [RX] ev=0 sid=6 chunk=1406B (accum+=66406)
[06-17 13:44:35.676] [INF] [RX] ev=0 sid=6 chunk=1406B (accum+=65628)
[01-05 1294912482517] [BENCH] Duration: 3.53s | Recv: 4.32MB | Current Rate: 9.77Mbps
[06-17 13:44:35.718] [INF] [RX] ev=0 sid=6 chunk=1406B (accum+=66466)
[06-17 13:44:35.777] [INF] [RX] ev=0 sid=6 chunk=1406B (accum+=65925)
[06-17 13:44:35.814] [INF] [RX] ev=0 sid=6 chunk=1406B (accum+=66440)
[06-17 13:44:35.882] [INF] [RX] ev=0 sid=6 chunk=1406B (accum+=65634)
[06-17 13:44:35.938] [INF] [RX] ev=0 sid=6 chunk=1406B (accum+=66299)
[06-17 13:44:35.982] [INF] [RX] ev=0 sid=6 chunk=1406B (accum+=65951)
[06-17 13:44:36.023] [INF] [RX] ev=0 sid=6 chunk=1406B (accum+=65670)
[06-17 13:44:36.090] [INF] [RX] ev=0 sid=6 chunk=1406B (accum+=66121)
[06-17 13:44:36.166] [INF] [RX] ev=0 sid=6 chunk=1405B (accum+=66635)
[01-05 1294912986490] [BENCH] Duration: 4.04s | Recv: 4.90MB | Current Rate: 9.71Mbps
[06-17 13:44:36.198] [INF] [RX] ev=0 sid=6 chunk=1406B (accum+=65806)
[06-17 13:44:36.254] [INF] [RX] ev=0 sid=6 chunk=1406B (accum+=66101)
[06-17 13:44:36.306] [INF] [RX] ev=0 sid=6 chunk=1406B (accum+=66414)
[06-17 13:44:36.362] [INF] [RX] ev=0 sid=6 chunk=1406B (accum+=66201)
[06-17 13:44:36.426] [INF] [RX] ev=0 sid=6 chunk=1406B (accum+=65966)
[06-17 13:44:36.462] [INF] [RX] ev=0 sid=6 chunk=1406B (accum+=65964)
[06-17 13:44:36.505] [INF] [RX] ev=0 sid=6 chunk=1406B (accum+=66808)
[06-17 13:44:36.562] [INF] [RX] ev=0 sid=6 chunk=1406B (accum+=66111)
[06-17 13:44:36.602] [INF] [RX] ev=0 sid=6 chunk=1406B (accum+=65581)
[06-17 13:44:36.662] [INF] [RX] ev=0 sid=6 chunk=1406B (accum+=66270)
[01-05 1294913487175] [BENCH] Duration: 4.54s | Recv: 5.53MB | Current Rate: 9.74Mbps
[06-17 13:44:36.702] [INF] [RX] ev=0 sid=6 chunk=1406B (accum+=66024)
[06-17 13:44:36.766] [INF] [RX] ev=0 sid=6 chunk=1406B (accum+=66467)
[06-17 13:44:36.834] [INF] [RX] ev=0 sid=6 chunk=1406B (accum+=66001)
[06-17 13:44:36.886] [INF] [RX] ev=0 sid=6 chunk=1406B (accum+=65952)
[06-17 13:44:36.918] [INF] [RX] ev=0 sid=6 chunk=1406B (accum+=66035)
[06-17 13:44:36.981] [INF] [RX] ev=0 sid=6 chunk=1406B (accum+=66837)
[06-17 13:44:37.022] [INF] [RX] ev=0 sid=6 chunk=1406B (accum+=66219)
[06-17 13:44:37.102] [INF] [RX] ev=0 sid=6 chunk=1405B (accum+=66666)
[06-17 13:44:37.150] [INF] [RX] ev=0 sid=6 chunk=1406B (accum+=65930)
[01-05 1294913990480] [BENCH] Duration: 5.04s | Recv: 6.10MB | Current Rate: 9.68Mbps
[06-17 13:44:37.206] [INF] [RX] ev=0 sid=6 chunk=1405B (accum+=65922)
[06-17 13:44:37.242] [INF] [RX] ev=0 sid=6 chunk=1377B (accum+=65961)
[06-17 13:44:37.297] [INF] [RX] ev=0 sid=6 chunk=1406B (accum+=66588)
[06-17 13:44:37.342] [INF] [RX] ev=0 sid=6 chunk=1402B (accum+=66879)
[06-17 13:44:37.374] [INF] [RX] ev=0 sid=6 chunk=1406B (accum+=65977)
[06-17 13:44:37.434] [INF] [RX] ev=0 sid=6 chunk=1406B (accum+=66418)
[06-17 13:44:37.486] [INF] [RX] ev=0 sid=6 chunk=1406B (accum+=66289)
[06-17 13:44:37.530] [INF] [RX] ev=0 sid=6 chunk=1406B (accum+=66695)
[06-17 13:44:37.598] [INF] [RX] ev=0 sid=6 chunk=1406B (accum+=66904)
[06-17 13:44:37.638] [INF] [RX] ev=0 sid=6 chunk=1406B (accum+=65958)
[01-05 1294914494369] [BENCH] Duration: 5.55s | Recv: 6.76MB | Current Rate: 9.74Mbps
[06-17 13:44:37.694] [INF] [RX] ev=0 sid=6 chunk=1394B (accum+=65581)
[06-17 13:44:37.750] [INF] [RX] ev=0 sid=6 chunk=1403B (accum+=65968)
[06-17 13:44:37.809] [INF] [RX] ev=0 sid=6 chunk=1406B (accum+=65953)
[06-17 13:44:37.846] [INF] [RX] ev=0 sid=6 chunk=1406B (accum+=66412)
[06-17 13:44:37.917] [INF] [RX] ev=0 sid=6 chunk=1405B (accum+=66081)
[06-17 13:44:37.974] [INF] [RX] ev=0 sid=6 chunk=1406B (accum+=65998)
[06-17 13:44:38.029] [INF] [RX] ev=0 sid=2 chunk=1395B (accum+=65977)
[06-17 13:44:38.069] [INF] [RX] ev=0 sid=2 chunk=1406B (accum+=66427)
[06-17 13:44:38.106] [INF] [RX] ev=0 sid=2 chunk=1406B (accum+=66024)
[06-17 13:44:38.154] [INF] [RX] ev=0 sid=2 chunk=1406B (accum+=65807)
[01-05 1294914998347] [BENCH] Duration: 6.05s | Recv: 7.39MB | Current Rate: 9.77Mbps
[06-17 13:44:38.198] [INF] [RX] ev=0 sid=2 chunk=1406B (accum+=66582)
[06-17 13:44:38.254] [INF] [RX] ev=0 sid=2 chunk=1406B (accum+=65753)
[06-17 13:44:38.302] [INF] [RX] ev=0 sid=2 chunk=1406B (accum+=65692)
[06-17 13:44:38.358] [INF] [RX] ev=0 sid=2 chunk=1406B (accum+=66700)
[06-17 13:44:38.417] [INF] [RX] ev=0 sid=2 chunk=1406B (accum+=65799)
[06-17 13:44:38.460] [INF] [RX] ev=0 sid=2 chunk=1406B (accum+=65972)
[06-17 13:44:38.518] [INF] [RX] ev=0 sid=2 chunk=1406B (accum+=66748)
[06-17 13:44:38.578] [INF] [RX] ev=0 sid=2 chunk=1406B (accum+=66222)
[06-17 13:44:38.616] [INF] [RX] ev=0 sid=2 chunk=1406B (accum+=66786)
[06-17 13:44:38.677] [INF] [RX] ev=0 sid=2 chunk=1406B (accum+=66396)
[01-05 1294915498691] [BENCH] Duration: 6.55s | Recv: 7.97MB | Current Rate: 9.74Mbps
[06-17 13:44:38.729] [INF] [RX] ev=0 sid=2 chunk=1406B (accum+=66741)
[06-17 13:44:38.785] [INF] [RX] ev=0 sid=2 chunk=1406B (accum+=66251)
[06-17 13:44:38.818] [INF] [RX] ev=0 sid=2 chunk=1406B (accum+=66463)
[06-17 13:44:38.882] [INF] [RX] ev=0 sid=2 chunk=1406B (accum+=66120)
[06-17 13:44:38.914] [INF] [RX] ev=0 sid=2 chunk=1406B (accum+=66010)
[06-17 13:44:38.974] [INF] [RX] ev=0 sid=2 chunk=1406B (accum+=65918)
[06-17 13:44:39.021] [INF] [RX] ev=0 sid=2 chunk=1406B (accum+=66588)
[06-17 13:44:39.069] [INF] [RX] ev=0 sid=2 chunk=1406B (accum+=65673)
[06-17 13:44:39.134] [INF] [RX] ev=0 sid=2 chunk=652B (accum+=65693)
[06-17 13:44:39.194] [INF] [RX] ev=0 sid=2 chunk=1406B (accum+=66770)
[01-05 1294916002285] [BENCH] Duration: 7.05s | Recv: 8.60MB | Current Rate: 9.75Mbps
[06-17 13:44:39.230] [INF] [RX] ev=0 sid=2 chunk=1406B (accum+=65768)
[06-17 13:44:39.273] [INF] [RX] ev=0 sid=2 chunk=1406B (accum+=66176)
[06-17 13:44:39.341] [INF] [RX] ev=0 sid=2 chunk=1406B (accum+=65969)
[06-17 13:44:39.389] [INF] [RX] ev=0 sid=2 chunk=1406B (accum+=65616)
[06-17 13:44:39.442] [INF] [RX] ev=0 sid=2 chunk=1406B (accum+=66128)
[06-17 13:44:39.505] [INF] [RX] ev=0 sid=2 chunk=1406B (accum+=66264)
[06-17 13:44:39.537] [INF] [RX] ev=0 sid=2 chunk=1406B (accum+=66668)
[06-17 13:44:39.597] [INF] [RX] ev=0 sid=2 chunk=1405B (accum+=66936)
[06-17 13:44:39.643] [INF] [RX] ev=0 sid=2 chunk=1406B (accum+=65991)
[06-17 13:44:39.681] [INF] [RX] ev=0 sid=2 chunk=1406B (accum+=66097)
[01-05 1294916510136] [BENCH] Duration: 7.56s | Recv: 9.23MB | Current Rate: 9.76Mbps
[06-17 13:44:39.745] [INF] [RX] ev=0 sid=2 chunk=1406B (accum+=66040)
[06-17 13:44:39.781] [INF] [RX] ev=0 sid=2 chunk=1406B (accum+=65974)
[06-17 13:44:39.849] [INF] [RX] ev=0 sid=2 chunk=1406B (accum+=66072)
[06-17 13:44:39.874] [INF] [RX] ev=0 sid=2 chunk=1406B (accum+=66719)
[06-17 13:44:39.957] [INF] [RX] ev=0 sid=2 chunk=1406B (accum+=65844)
[06-17 13:44:40.013] [INF] [RX] ev=0 sid=2 chunk=1406B (accum+=66034)
[06-17 13:44:40.046] [INF] [RX] ev=0 sid=6 chunk=1406B (accum+=66028)
[06-17 13:44:40.090] [INF] [RX] ev=0 sid=6 chunk=1406B (accum+=66915)
[06-17 13:44:40.151] [INF] [RX] ev=0 sid=6 chunk=1406B (accum+=66925)
[06-17 13:44:40.197] [INF] [RX] ev=0 sid=6 chunk=1406B (accum+=65968)
[01-05 1294917010237] [BENCH] Duration: 8.06s | Recv: 9.87MB | Current Rate: 9.79Mbps
[06-17 13:44:40.241] [INF] [RX] ev=0 sid=6 chunk=1406B (accum+=66222)
[06-17 13:44:40.292] [INF] [RX] ev=0 sid=6 chunk=1406B (accum+=66000)
[06-17 13:44:40.354] [INF] [RX] ev=0 sid=6 chunk=1406B (accum+=66506)
[06-17 13:44:40.397] [INF] [RX] ev=0 sid=6 chunk=1087B (accum+=65790)
[06-17 13:44:40.474] [INF] [RX] ev=0 sid=6 chunk=1406B (accum+=66169)
[06-17 13:44:40.529] [INF] [RX] ev=0 sid=6 chunk=1405B (accum+=65986)
[06-17 13:44:40.589] [INF] [RX] ev=0 sid=6 chunk=1406B (accum+=65969)
[06-17 13:44:40.690] [INF] [RX] ev=0 sid=6 chunk=1405B (accum+=66366)
[01-05 1294917510240] [BENCH] Duration: 8.56s | Recv: 10.39MB | Current Rate: 9.71Mbps
[06-17 13:44:40.722] [INF] [RX] ev=0 sid=6 chunk=1406B (accum+=65993)
[06-17 13:44:40.777] [INF] [RX] ev=0 sid=6 chunk=1406B (accum+=65978)
[06-17 13:44:40.829] [INF] [RX] ev=0 sid=6 chunk=1406B (accum+=65938)
[06-17 13:44:40.871] [INF] [RX] ev=0 sid=6 chunk=1406B (accum+=66020)
[06-17 13:44:40.937] [INF] [RX] ev=0 sid=6 chunk=1406B (accum+=65966)
[06-17 13:44:41.009] [INF] [RX] ev=0 sid=6 chunk=1406B (accum+=65952)
[06-17 13:44:41.069] [INF] [RX] ev=0 sid=6 chunk=1406B (accum+=65969)
[06-17 13:44:41.125] [INF] [RX] ev=0 sid=6 chunk=1406B (accum+=65939)
[06-17 13:44:41.161] [INF] [RX] ev=0 sid=6 chunk=1378B (accum+=65982)
[06-17 13:44:41.181] [INF] [RX] ev=0 sid=6 chunk=1406B (accum+=65996)
[06-17 13:44:41.197] [INF] [RX] ev=0 sid=6 chunk=1406B (accum+=65996)
[06-17 13:44:41.207] [INF] [RX] ev=0 sid=6 chunk=1406B (accum+=66039)
[01-05 1294918010703] [BENCH] Duration: 9.06s | Recv: 11.12MB | Current Rate: 9.82Mbps
[06-17 13:44:41.271] [INF] [RX] ev=0 sid=6 chunk=1406B (accum+=66213)
[06-17 13:44:41.305] [INF] [RX] ev=0 sid=6 chunk=1406B (accum+=66444)
[06-17 13:44:41.367] [INF] [RX] ev=0 sid=6 chunk=1406B (accum+=66908)
[06-17 13:44:41.439] [INF] [RX] ev=0 sid=6 chunk=1406B (accum+=66530)
[06-17 13:44:41.472] [INF] [RX] ev=0 sid=6 chunk=1406B (accum+=66629)
[06-17 13:44:41.539] [INF] [RX] ev=0 sid=6 chunk=1406B (accum+=66839)
[06-17 13:44:41.568] [INF] [RX] ev=0 sid=6 chunk=1406B (accum+=65980)
[06-17 13:44:41.634] [INF] [RX] ev=0 sid=6 chunk=1406B (accum+=65928)
[06-17 13:44:41.709] [INF] [RX] ev=0 sid=6 chunk=1401B (accum+=65817)
[01-05 1294918514145] [BENCH] Duration: 9.57s | Recv: 11.68MB | Current Rate: 9.77Mbps
[06-17 13:44:41.781] [INF] [RX] ev=0 sid=6 chunk=1406B (accum+=65923)
[06-17 13:44:41.853] [INF] [RX] ev=0 sid=6 chunk=1403B (accum+=65899)
[06-17 13:44:41.909] [INF] [RX] ev=0 sid=6 chunk=1404B (accum+=65990)
[06-17 13:44:42.001] [INF] [RX] ev=0 sid=6 chunk=1402B (accum+=65921)
[06-17 13:44:42.065] [INF] [RX] ev=0 sid=6 chunk=1405B (accum+=65991)
[06-17 13:44:42.153] [INF] [RX] ev=0 sid=6 chunk=1374B (accum+=65942)
[01-05 1294919018021] [BENCH] Duration: 10.07s | Recv: 12.10MB | Current Rate: 9.61Mbps
[06-17 13:44:42.253] [INF] [RX] ev=0 sid=6 chunk=1406B (accum+=65994)
[06-17 13:44:42.321] [INF] [RX] ev=0 sid=6 chunk=1405B (accum+=65911)
[06-17 13:44:42.397] [INF] [RX] ev=0 sid=6 chunk=1406B (accum+=65947)
[06-17 13:44:42.493] [INF] [RX] ev=0 sid=6 chunk=1406B (accum+=65955)
[06-17 13:44:42.569] [INF] [RX] ev=0 sid=6 chunk=1404B (accum+=65927)
[06-17 13:44:42.637] [INF] [RX] ev=0 sid=6 chunk=1406B (accum+=65923)
[01-05 1294919518242] [BENCH] Duration: 10.57s | Recv: 12.49MB | Current Rate: 9.46Mbps
[06-17 13:44:42.721] [INF] [RX] ev=0 sid=6 chunk=1406B (accum+=65937)
[06-17 13:44:42.797] [INF] [RX] ev=0 sid=6 chunk=1406B (accum+=65962)
[06-17 13:44:42.873] [INF] [RX] ev=0 sid=6 chunk=1406B (accum+=65948)
[06-17 13:44:42.937] [INF] [RX] ev=0 sid=6 chunk=1406B (accum+=65930)
[06-17 13:44:43.022] [INF] [RX] ev=0 sid=6 chunk=1406B (accum+=65966)
[06-17 13:44:43.081] [INF] [RX] ev=0 sid=2 chunk=1406B (accum+=65942)
[06-17 13:44:43.113] [INF] [RX] ev=0 sid=6 chunk=1406B (accum+=66023)
[06-17 13:44:43.149] [INF] [RX] ev=0 sid=2 chunk=1406B (accum+=65934)
[06-17 13:44:43.189] [INF] [RX] ev=0 sid=2 chunk=1406B (accum+=66023)
[06-17 13:44:43.217] [INF] [RX] ev=0 sid=6 chunk=1406B (accum+=65985)
[01-05 1294920022551] [BENCH] Duration: 11.07s | Recv: 13.07MB | Current Rate: 9.44Mbps
[06-17 13:44:43.253] [INF] [RX] ev=0 sid=6 chunk=1406B (accum+=65947)
[06-17 13:44:43.293] [INF] [RX] ev=0 sid=6 chunk=1374B (accum+=66008)
[06-17 13:44:43.329] [INF] [RX] ev=0 sid=2 chunk=1406B (accum+=65975)
[06-17 13:44:43.358] [INF] [RX] ev=0 sid=2 chunk=1406B (accum+=66000)
[06-17 13:44:43.381] [INF] [RX] ev=0 sid=2 chunk=1406B (accum+=65979)
[06-17 13:44:43.413] [INF] [RX] ev=0 sid=2 chunk=1406B (accum+=65978)
[06-17 13:44:43.441] [INF] [RX] ev=0 sid=2 chunk=1406B (accum+=65986)
[06-17 13:44:43.473] [INF] [RX] ev=0 sid=2 chunk=1403B (accum+=66015)
[06-17 13:44:43.497] [INF] [RX] ev=0 sid=6 chunk=1406B (accum+=66002)
[06-17 13:44:43.525] [INF] [RX] ev=0 sid=2 chunk=1406B (accum+=65989)
[06-17 13:44:43.565] [INF] [RX] ev=0 sid=2 chunk=1404B (accum+=66395)
[06-17 13:44:43.593] [INF] [RX] ev=0 sid=2 chunk=1406B (accum+=66323)
[06-17 13:44:43.625] [INF] [RX] ev=0 sid=6 chunk=1406B (accum+=66046)
[06-17 13:44:43.669] [INF] [RX] ev=0 sid=2 chunk=1406B (accum+=65968)
[06-17 13:44:43.697] [INF] [RX] ev=0 sid=2 chunk=1406B (accum+=66838)
[01-05 1294920525877] [BENCH] Duration: 11.58s | Recv: 14.06MB | Current Rate: 9.71Mbps
[06-17 13:44:43.738] [INF] [RX] ev=0 sid=2 chunk=1405B (accum+=65992)
[06-17 13:44:43.769] [INF] [RX] ev=0 sid=2 chunk=1406B (accum+=65992)
[06-17 13:44:43.813] [INF] [RX] ev=0 sid=2 chunk=1406B (accum+=66015)
[06-17 13:44:43.876] [INF] [RX] ev=0 sid=2 chunk=1406B (accum+=66215)
[06-17 13:44:43.933] [INF] [RX] ev=0 sid=2 chunk=1406B (accum+=66033)
[06-17 13:44:43.993] [INF] [RX] ev=0 sid=2 chunk=1406B (accum+=65998)
[06-17 13:44:44.057] [INF] [RX] ev=0 sid=2 chunk=1406B (accum+=66012)
[06-17 13:44:44.129] [INF] [RX] ev=0 sid=2 chunk=1406B (accum+=65968)
[06-17 13:44:44.185] [INF] [RX] ev=0 sid=2 chunk=1406B (accum+=66044)
[01-05 1294921026347] [BENCH] Duration: 12.08s | Recv: 14.61MB | Current Rate: 9.67Mbps
[06-17 13:44:44.257] [INF] [RX] ev=0 sid=2 chunk=1406B (accum+=65925)
[06-17 13:44:44.321] [INF] [RX] ev=0 sid=2 chunk=1406B (accum+=66004)
[06-17 13:44:44.393] [INF] [RX] ev=0 sid=2 chunk=1406B (accum+=66014)
[06-17 13:44:44.445] [INF] [RX] ev=0 sid=2 chunk=1406B (accum+=66057)
[06-17 13:44:44.493] [INF] [RX] ev=0 sid=2 chunk=1406B (accum+=66002)
[06-17 13:44:44.553] [INF] [RX] ev=0 sid=2 chunk=1406B (accum+=66042)
[06-17 13:44:44.621] [INF] [RX] ev=0 sid=2 chunk=1406B (accum+=66009)
[06-17 13:44:44.693] [INF] [RX] ev=0 sid=2 chunk=1406B (accum+=65966)
[01-05 1294921529924] [BENCH] Duration: 12.58s | Recv: 15.12MB | Current Rate: 9.61Mbps
[06-17 13:44:44.753] [INF] [RX] ev=0 sid=2 chunk=1406B (accum+=66013)
[06-17 13:44:44.825] [INF] [RX] ev=0 sid=2 chunk=1406B (accum+=65989)
[06-17 13:44:44.889] [INF] [RX] ev=0 sid=2 chunk=1405B (accum+=66039)
[06-17 13:44:44.945] [INF] [RX] ev=0 sid=2 chunk=1406B (accum+=65983)
[06-17 13:44:45.002] [INF] [RX] ev=0 sid=2 chunk=1406B (accum+=66031)
[06-17 13:44:45.049] [INF] [RX] ev=0 sid=2 chunk=1406B (accum+=66046)
[06-17 13:44:45.073] [INF] [RX] ev=0 sid=2 chunk=1406B (accum+=66054)
[06-17 13:44:45.105] [INF] [RX] ev=0 sid=6 chunk=1406B (accum+=66014)
[06-17 13:44:45.141] [INF] [RX] ev=0 sid=2 chunk=1406B (accum+=65970)
[06-17 13:44:45.177] [INF] [RX] ev=0 sid=2 chunk=1406B (accum+=65959)
[06-17 13:44:45.209] [INF] [RX] ev=0 sid=2 chunk=1403B (accum+=66043)
[01-05 1294922030700] [BENCH] Duration: 13.08s | Recv: 15.82MB | Current Rate: 9.67Mbps
[06-17 13:44:45.237] [INF] [RX] ev=0 sid=2 chunk=1405B (accum+=66026)
[06-17 13:44:45.285] [INF] [RX] ev=0 sid=6 chunk=1404B (accum+=66077)
[06-17 13:44:45.377] [INF] [RX] ev=0 sid=6 chunk=1406B (accum+=65918)
[06-17 13:44:45.469] [INF] [RX] ev=0 sid=6 chunk=1406B (accum+=65980)
[06-17 13:44:45.534] [INF] [RX] ev=0 sid=6 chunk=1406B (accum+=65941)
[06-17 13:44:45.617] [INF] [RX] ev=0 sid=6 chunk=1404B (accum+=65912)
[06-17 13:44:45.690] [INF] [RX] ev=0 sid=6 chunk=1406B (accum+=65932)
[01-05 1294922534235] [BENCH] Duration: 13.59s | Recv: 16.25MB | Current Rate: 9.57Mbps
[06-17 13:44:45.761] [INF] [RX] ev=0 sid=6 chunk=1406B (accum+=65905)
[06-17 13:44:45.885] [INF] [RX] ev=0 sid=6 chunk=1406B (accum+=65874)
[06-17 13:44:45.961] [INF] [RX] ev=0 sid=6 chunk=1404B (accum+=65937)
[06-17 13:44:46.049] [INF] [RX] ev=0 sid=6 chunk=1406B (accum+=65972)
[06-17 13:44:46.129] [INF] [RX] ev=0 sid=6 chunk=1406B (accum+=65939)
[06-17 13:44:46.213] [INF] [RX] ev=0 sid=6 chunk=1405B (accum+=65894)
[01-05 1294923037830] [BENCH] Duration: 14.09s | Recv: 16.61MB | Current Rate: 9.43Mbps
[06-17 13:44:46.285] [INF] [RX] ev=0 sid=6 chunk=1403B (accum+=65965)
[06-17 13:44:46.353] [INF] [RX] ev=0 sid=6 chunk=1406B (accum+=65912)
[06-17 13:44:46.441] [INF] [RX] ev=0 sid=6 chunk=1406B (accum+=65984)
[06-17 13:44:46.509] [INF] [RX] ev=0 sid=6 chunk=1406B (accum+=65949)
[06-17 13:44:46.577] [INF] [RX] ev=0 sid=6 chunk=1406B (accum+=65957)
[06-17 13:44:46.677] [INF] [RX] ev=0 sid=6 chunk=1404B (accum+=66529)
[01-05 1294923537834] [BENCH] Duration: 14.59s | Recv: 17.02MB | Current Rate: 9.33Mbps
[06-17 13:44:46.749] [INF] [RX] ev=0 sid=6 chunk=1406B (accum+=65911)
[06-17 13:44:46.833] [INF] [RX] ev=0 sid=6 chunk=1402B (accum+=65951)
[06-17 13:44:46.909] [INF] [RX] ev=0 sid=6 chunk=1406B (accum+=65973)
[06-17 13:44:46.969] [INF] [RX] ev=0 sid=6 chunk=1406B (accum+=65922)
[06-17 13:44:46.996] [INF] [RX] ev=0 sid=6 chunk=1406B (accum+=65996)
[06-17 13:44:47.010] [INF] [RX] ev=0 sid=6 chunk=1406B (accum+=66011)
[06-17 13:44:47.026] [INF] [RX] ev=0 sid=6 chunk=1406B (accum+=65996)
[06-17 13:44:47.037] [INF] [RX] ev=0 sid=6 chunk=1406B (accum+=66039)
[06-17 13:44:47.050] [INF] [RX] ev=0 sid=6 chunk=1406B (accum+=66024)
[06-17 13:44:47.057] [INF] [RX] ev=0 sid=6 chunk=1406B (accum+=66011)
[06-17 13:44:47.065] [INF] [RX] ev=0 sid=6 chunk=1378B (accum+=66024)
[06-17 13:44:47.070] [INF] [RX] ev=0 sid=6 chunk=1406B (accum+=66067)
[06-17 13:44:47.078] [INF] [RX] ev=0 sid=6 chunk=1406B (accum+=66052)
[06-17 13:44:47.082] [INF] [RX] ev=0 sid=6 chunk=1406B (accum+=66067)
[06-17 13:44:47.089] [INF] [RX] ev=0 sid=6 chunk=1406B (accum+=66052)
[06-17 13:44:47.099] [INF] [RX] ev=0 sid=6 chunk=1406B (accum+=66039)
[06-17 13:44:47.105] [INF] [RX] ev=0 sid=6 chunk=1406B (accum+=66024)
[06-17 13:44:47.110] [INF] [RX] ev=0 sid=6 chunk=1406B (accum+=66067)
[06-17 13:44:47.119] [INF] [RX] ev=0 sid=6 chunk=1406B (accum+=66024)
[06-17 13:44:47.123] [INF] [RX] ev=0 sid=6 chunk=886B (accum+=65547)
[06-17 13:44:47.129] [INF] [RX] ev=0 sid=6 chunk=1406B (accum+=66544)
[06-17 13:44:47.185] [INF] [RX] ev=0 sid=6 chunk=1406B (accum+=66312)
[06-17 13:44:47.225] [INF] [RX] ev=0 sid=6 chunk=1406B (accum+=66157)
[01-05 1294924057415] [BENCH] Duration: 15.11s | Recv: 18.43MB | Current Rate: 9.76Mbps
[06-17 13:44:47.290] [INF] [RX] ev=0 sid=6 chunk=1406B (accum+=65662)
[06-17 13:44:47.326] [INF] [RX] ev=0 sid=6 chunk=1406B (accum+=66826)
[06-17 13:44:47.391] [INF] [RX] ev=0 sid=6 chunk=1406B (accum+=66161)
[06-17 13:44:47.428] [INF] [RX] ev=0 sid=6 chunk=1406B (accum+=66209)
[06-17 13:44:47.505] [INF] [RX] ev=0 sid=6 chunk=1406B (accum+=66071)
[06-17 13:44:47.589] [INF] [RX] ev=0 sid=6 chunk=1406B (accum+=65914)
[06-17 13:44:47.681] [INF] [RX] ev=0 sid=6 chunk=1406B (accum+=65823)
[01-05 1294924557817] [BENCH] Duration: 15.61s | Recv: 18.91MB | Current Rate: 9.69Mbps
[06-17 13:44:47.767] [INF] [RX] ev=0 sid=6 chunk=1406B (accum+=65967)
[06-17 13:44:47.849] [INF] [RX] ev=0 sid=6 chunk=1397B (accum+=65965)
[06-17 13:44:47.937] [INF] [RX] ev=0 sid=6 chunk=1406B (accum+=65894)
[06-17 13:44:48.038] [INF] [RX] ev=0 sid=6 chunk=1403B (accum+=65907)
[06-17 13:44:48.089] [INF] [RX] ev=0 sid=6 chunk=1406B (accum+=65959)
[06-17 13:44:48.133] [INF] [RX] ev=0 sid=2 chunk=1406B (accum+=65974)
[06-17 13:44:48.161] [INF] [RX] ev=0 sid=6 chunk=1406B (accum+=65982)
[06-17 13:44:48.201] [INF] [RX] ev=0 sid=2 chunk=1406B (accum+=66000)
[06-17 13:44:48.237] [INF] [RX] ev=0 sid=2 chunk=1406B (accum+=66016)
[01-05 1294925058172] [BENCH] Duration: 16.11s | Recv: 19.46MB | Current Rate: 9.66Mbps
[06-17 13:44:48.277] [INF] [RX] ev=0 sid=6 chunk=1406B (accum+=65998)
[06-17 13:44:48.309] [INF] [RX] ev=0 sid=2 chunk=1405B (accum+=65959)
[06-17 13:44:48.349] [INF] [RX] ev=0 sid=2 chunk=1406B (accum+=66018)
[06-17 13:44:48.385] [INF] [RX] ev=0 sid=6 chunk=1406B (accum+=65987)
[06-17 13:44:48.433] [INF] [RX] ev=0 sid=2 chunk=1406B (accum+=65960)
[06-17 13:44:48.465] [INF] [RX] ev=0 sid=6 chunk=1406B (accum+=66027)
[06-17 13:44:48.509] [INF] [RX] ev=0 sid=2 chunk=1406B (accum+=66259)
[06-17 13:44:48.577] [INF] [RX] ev=0 sid=2 chunk=1398B (accum+=65989)
[06-17 13:44:48.645] [INF] [RX] ev=0 sid=2 chunk=1406B (accum+=65987)
[06-17 13:44:48.705] [INF] [RX] ev=0 sid=2 chunk=1406B (accum+=65960)
[01-05 1294925561735] [BENCH] Duration: 16.61s | Recv: 20.09MB | Current Rate: 9.68Mbps
[06-17 13:44:48.785] [INF] [RX] ev=0 sid=2 chunk=1406B (accum+=66018)
[06-17 13:44:48.865] [INF] [RX] ev=0 sid=2 chunk=1406B (accum+=65997)
[06-17 13:44:48.953] [INF] [RX] ev=0 sid=2 chunk=1399B (accum+=65907)
[06-17 13:44:49.049] [INF] [RX] ev=0 sid=2 chunk=1406B (accum+=65978)
[06-17 13:44:49.137] [INF] [RX] ev=0 sid=2 chunk=1403B (accum+=65963)
[06-17 13:44:49.217] [INF] [RX] ev=0 sid=2 chunk=1406B (accum+=65998)
[01-05 1294926061737] [BENCH] Duration: 17.11s | Recv: 20.47MB | Current Rate: 9.57Mbps
[06-17 13:44:49.301] [INF] [RX] ev=0 sid=2 chunk=1405B (accum+=65947)
[06-17 13:44:49.357] [INF] [RX] ev=0 sid=2 chunk=1406B (accum+=66037)
[06-17 13:44:49.437] [INF] [RX] ev=0 sid=2 chunk=1402B (accum+=66011)
[06-17 13:44:49.525] [INF] [RX] ev=0 sid=2 chunk=1406B (accum+=65969)
[06-17 13:44:49.597] [INF] [RX] ev=0 sid=2 chunk=1406B (accum+=65947)
[06-17 13:44:49.669] [INF] [RX] ev=0 sid=2 chunk=1403B (accum+=66011)
[06-17 13:44:49.741] [INF] [RX] ev=0 sid=2 chunk=1406B (accum+=65970)
[01-05 1294926565425] [BENCH] Duration: 17.62s | Recv: 20.90MB | Current Rate: 9.49Mbps
[06-17 13:44:49.815] [INF] [RX] ev=0 sid=2 chunk=1406B (accum+=65976)
[06-17 13:44:49.885] [INF] [RX] ev=0 sid=2 chunk=1404B (accum+=65947)
[06-17 13:44:49.945] [INF] [RX] ev=0 sid=2 chunk=1406B (accum+=66008)
[06-17 13:44:50.013] [INF] [RX] ev=0 sid=2 chunk=1406B (accum+=66018)
[06-17 13:44:50.077] [INF] [RX] ev=0 sid=2 chunk=1406B (accum+=66009)
[06-17 13:44:50.117] [INF] [RX] ev=0 sid=6 chunk=1406B (accum+=65998)
[06-17 13:44:50.153] [INF] [RX] ev=0 sid=2 chunk=1393B (accum+=65956)
[06-17 13:44:50.193] [INF] [RX] ev=0 sid=2 chunk=1406B (accum+=65950)
[06-17 13:44:50.229] [INF] [RX] ev=0 sid=6 chunk=1406B (accum+=65943)
[01-05 1294927066273] [BENCH] Duration: 18.12s | Recv: 21.49MB | Current Rate: 9.49Mbps
[06-17 13:44:50.269] [INF] [RX] ev=0 sid=2 chunk=1405B (accum+=65970)
[06-17 13:44:50.309] [INF] [RX] ev=0 sid=6 chunk=1406B (accum+=66469)
[06-17 13:44:50.333] [INF] [RX] ev=0 sid=2 chunk=1406B (accum+=65545)
[06-17 13:44:50.361] [INF] [RX] ev=0 sid=6 chunk=1406B (accum+=65980)
[06-17 13:44:50.405] [INF] [RX] ev=0 sid=2 chunk=1406B (accum+=65943)
[06-17 13:44:50.445] [INF] [RX] ev=0 sid=2 chunk=1406B (accum+=65978)
[06-17 13:44:50.481] [INF] [RX] ev=0 sid=2 chunk=1406B (accum+=66022)
[06-17 13:44:50.513] [INF] [RX] ev=0 sid=2 chunk=1404B (accum+=65967)
[06-17 13:44:50.549] [INF] [RX] ev=0 sid=6 chunk=1406B (accum+=65973)
[06-17 13:44:50.581] [INF] [RX] ev=0 sid=2 chunk=1406B (accum+=66025)
[06-17 13:44:50.617] [INF] [RX] ev=0 sid=2 chunk=1406B (accum+=65995)
[06-17 13:44:50.649] [INF] [RX] ev=0 sid=6 chunk=1406B (accum+=66016)
[06-17 13:44:50.685] [INF] [RX] ev=0 sid=6 chunk=1406B (accum+=66013)
[06-17 13:44:50.721] [INF] [RX] ev=0 sid=2 chunk=1406B (accum+=66025)
[01-05 1294927573596] [BENCH] Duration: 18.63s | Recv: 22.36MB | Current Rate: 9.60Mbps
[06-17 13:44:50.797] [INF] [RX] ev=0 sid=6 chunk=1224B (accum+=66520)
[06-17 13:44:50.877] [INF] [RX] ev=0 sid=6 chunk=1406B (accum+=65937)
[06-17 13:44:50.969] [INF] [RX] ev=0 sid=6 chunk=1406B (accum+=65873)
[06-17 13:44:51.061] [INF] [RX] ev=0 sid=6 chunk=1404B (accum+=65873)
[06-17 13:44:51.137] [INF] [RX] ev=0 sid=6 chunk=1401B (accum+=65917)
[06-17 13:44:51.241] [INF] [RX] ev=0 sid=6 chunk=1405B (accum+=65907)
[01-05 1294928077326] [BENCH] Duration: 19.13s | Recv: 22.72MB | Current Rate: 9.50Mbps
[06-17 13:44:51.341] [INF] [RX] ev=0 sid=6 chunk=1406B (accum+=65883)
[06-17 13:44:51.441] [INF] [RX] ev=0 sid=6 chunk=1295B (accum+=65800)
[06-17 13:44:51.521] [INF] [RX] ev=0 sid=6 chunk=1406B (accum+=65679)
[06-17 13:44:51.617] [INF] [RX] ev=0 sid=6 chunk=1404B (accum+=65917)
[06-17 13:44:51.693] [INF] [RX] ev=0 sid=6 chunk=1406B (accum+=65959)
[06-17 13:44:51.773] [INF] [RX] ev=0 sid=6 chunk=1406B (accum+=65927)
[01-05 1294928577443] [BENCH] Duration: 19.63s | Recv: 23.08MB | Current Rate: 9.40Mbps
[06-17 13:44:51.853] [INF] [RX] ev=0 sid=6 chunk=595B (accum+=65936)
[06-17 13:44:51.945] [INF] [RX] ev=0 sid=6 chunk=1400B (accum+=65969)
[06-17 13:44:52.029] [INF] [RX] ev=0 sid=6 chunk=1406B (accum+=65941)
[06-17 13:44:52.117] [INF] [RX] ev=0 sid=6 chunk=1404B (accum+=65909)
[06-17 13:44:52.189] [INF] [RX] ev=0 sid=6 chunk=1406B (accum+=65933)
[01-05 1294929077452] [BENCH] Duration: 20.13s | Recv: 23.44MB | Current Rate: 9.32Mbps
[06-17 13:44:52.289] [INF] [RX] ev=0 sid=6 chunk=1403B (accum+=65931)
[06-17 13:44:52.385] [INF] [RX] ev=0 sid=6 chunk=1404B (accum+=65834)
[06-17 13:44:52.485] [INF] [RX] ev=0 sid=6 chunk=1395B (accum+=65934)
[06-17 13:44:52.573] [INF] [RX] ev=0 sid=6 chunk=1402B (accum+=65955)
[06-17 13:44:52.661] [INF] [RX] ev=0 sid=6 chunk=1159B (accum+=65687)
[06-17 13:44:52.737] [INF] [RX] ev=0 sid=6 chunk=1406B (accum+=66142)
[01-05 1294929581466] [BENCH] Duration: 20.63s | Recv: 23.79MB | Current Rate: 9.22Mbps
[06-17 13:44:52.797] [INF] [RX] ev=0 sid=6 chunk=1406B (accum+=65945)
[06-17 13:44:52.813] [INF] [RX] ev=0 sid=6 chunk=1370B (accum+=65995)
[06-17 13:44:52.825] [INF] [RX] ev=0 sid=6 chunk=1406B (accum+=66016)
[06-17 13:44:52.837] [INF] [RX] ev=0 sid=6 chunk=961B (accum+=65622)
[06-17 13:44:52.849] [INF] [RX] ev=0 sid=6 chunk=1406B (accum+=66425)
[06-17 13:44:52.857] [INF] [RX] ev=0 sid=6 chunk=1406B (accum+=66016)
[06-17 13:44:52.865] [INF] [RX] ev=0 sid=6 chunk=1406B (accum+=66031)
[06-17 13:44:52.877] [INF] [RX] ev=0 sid=6 chunk=1406B (accum+=66016)
[06-17 13:44:52.883] [INF] [RX] ev=0 sid=6 chunk=1406B (accum+=66067)
[06-17 13:44:52.890] [INF] [RX] ev=0 sid=6 chunk=1406B (accum+=66017)
[06-17 13:44:52.897] [INF] [RX] ev=0 sid=6 chunk=1406B (accum+=66031)
[06-17 13:44:52.901] [INF] [RX] ev=0 sid=6 chunk=1406B (accum+=66052)
[06-17 13:44:52.909] [INF] [RX] ev=0 sid=6 chunk=1406B (accum+=66016)
[06-17 13:44:52.913] [INF] [RX] ev=0 sid=6 chunk=1406B (accum+=66031)
[06-17 13:44:52.918] [INF] [RX] ev=0 sid=6 chunk=1406B (accum+=66053)
[06-17 13:44:52.922] [INF] [RX] ev=0 sid=6 chunk=1406B (accum+=66067)
[06-17 13:44:52.933] [INF] [RX] ev=0 sid=6 chunk=1406B (accum+=66053)
[06-17 13:44:52.937] [INF] [RX] ev=0 sid=6 chunk=1406B (accum+=66031)
[06-17 13:44:52.941] [INF] [RX] ev=0 sid=6 chunk=1406B (accum+=66016)
[06-17 13:44:52.946] [INF] [RX] ev=0 sid=6 chunk=1406B (accum+=66052)
[06-17 13:44:52.954] [INF] [RX] ev=0 sid=6 chunk=1406B (accum+=66031)
[06-17 13:44:52.958] [INF] [RX] ev=0 sid=6 chunk=1406B (accum+=66052)
[06-17 13:44:52.962] [INF] [RX] ev=0 sid=6 chunk=1406B (accum+=66031)
[06-17 13:44:52.966] [INF] [RX] ev=0 sid=6 chunk=1406B (accum+=66052)
[06-17 13:44:52.972] [INF] [RX] ev=0 sid=6 chunk=1406B (accum+=66780)
[06-17 13:44:53.011] [INF] [RX] ev=0 sid=6 chunk=1406B (accum+=66233)
[06-17 13:44:53.078] [INF] [RX] ev=0 sid=6 chunk=1406B (accum+=66158)
[06-17 13:44:53.115] [INF] [RX] ev=0 sid=6 chunk=1406B (accum+=65912)
[06-17 13:44:53.214] [INF] [RX] ev=0 sid=6 chunk=1406B (accum+=66431)
[01-05 1294930085363] [BENCH] Duration: 21.14s | Recv: 25.65MB | Current Rate: 9.71Mbps
[06-17 13:44:53.285] [INF] [RX] ev=0 sid=2 chunk=1388B (accum+=66189)
[06-17 13:44:53.365] [INF] [RX] ev=0 sid=2 chunk=1392B (accum+=65863)
[06-17 13:44:53.433] [INF] [RX] ev=0 sid=2 chunk=1403B (accum+=65926)
[06-17 13:44:53.509] [INF] [RX] ev=0 sid=2 chunk=552B (accum+=65920)
[06-17 13:44:53.581] [INF] [RX] ev=0 sid=2 chunk=1406B (accum+=65943)
[06-17 13:44:53.641] [INF] [RX] ev=0 sid=2 chunk=1406B (accum+=65955)
[06-17 13:44:53.705] [INF] [RX] ev=0 sid=2 chunk=1406B (accum+=65925)
[01-05 1294930585401] [BENCH] Duration: 21.64s | Recv: 26.09MB | Current Rate: 9.65Mbps
[06-17 13:44:53.789] [INF] [RX] ev=0 sid=2 chunk=1398B (accum+=65912)
[06-17 13:44:53.869] [INF] [RX] ev=0 sid=2 chunk=1406B (accum+=65964)
[06-17 13:44:53.953] [INF] [RX] ev=0 sid=2 chunk=1406B (accum+=65913)
[06-17 13:44:54.036] [INF] [RX] ev=0 sid=2 chunk=1404B (accum+=65936)
[06-17 13:44:54.116] [INF] [RX] ev=0 sid=2 chunk=1391B (accum+=66374)
[06-17 13:44:54.193] [INF] [RX] ev=0 sid=2 chunk=1406B (accum+=65931)
[06-17 13:44:54.284] [INF] [RX] ev=0 sid=2 chunk=1406B (accum+=65894)
[01-05 1294931089312] [BENCH] Duration: 22.14s | Recv: 26.47MB | Current Rate: 9.57Mbps
[06-17 13:44:54.360] [INF] [RX] ev=0 sid=2 chunk=1402B (accum+=65901)
[06-17 13:44:54.445] [INF] [RX] ev=0 sid=2 chunk=1404B (accum+=65913)
[06-17 13:44:54.520] [INF] [RX] ev=0 sid=2 chunk=1400B (accum+=65874)
[06-17 13:44:54.601] [INF] [RX] ev=0 sid=2 chunk=1406B (accum+=65862)
[06-17 13:44:54.677] [INF] [RX] ev=0 sid=2 chunk=1406B (accum+=65931)
[06-17 13:44:54.740] [INF] [RX] ev=0 sid=2 chunk=1406B (accum+=65887)
[01-05 1294931589493] [BENCH] Duration: 22.64s | Recv: 26.88MB | Current Rate: 9.50Mbps
[06-17 13:44:54.837] [INF] [RX] ev=0 sid=2 chunk=1406B (accum+=65925)
[06-17 13:44:54.909] [INF] [RX] ev=0 sid=2 chunk=1406B (accum+=65860)
[06-17 13:44:54.973] [INF] [RX] ev=0 sid=2 chunk=1402B (accum+=65946)
[06-17 13:44:55.060] [INF] [RX] ev=0 sid=2 chunk=1406B (accum+=65867)
[06-17 13:44:55.136] [INF] [RX] ev=0 sid=2 chunk=1406B (accum+=65874)
[06-17 13:44:55.217] [INF] [RX] ev=0 sid=2 chunk=1402B (accum+=65943)
[06-17 13:44:55.269] [INF] [RX] ev=0 sid=2 chunk=1400B (accum+=65936)
[01-05 1294932090070] [BENCH] Duration: 23.14s | Recv: 27.31MB | Current Rate: 9.44Mbps
[06-17 13:44:55.312] [INF] [RX] ev=0 sid=2 chunk=1404B (accum+=65876)
[06-17 13:44:55.352] [INF] [RX] ev=0 sid=2 chunk=1405B (accum+=65980)
[06-17 13:44:55.384] [INF] [RX] ev=0 sid=2 chunk=1404B (accum+=65916)
[06-17 13:44:55.425] [INF] [RX] ev=0 sid=6 chunk=1406B (accum+=65942)
[06-17 13:44:55.468] [INF] [RX] ev=0 sid=2 chunk=1400B (accum+=65983)
[06-17 13:44:55.509] [INF] [RX] ev=0 sid=6 chunk=1406B (accum+=65912)
[06-17 13:44:55.549] [INF] [RX] ev=0 sid=2 chunk=1406B (accum+=65891)
[06-17 13:44:55.601] [INF] [RX] ev=0 sid=6 chunk=1406B (accum+=65851)
[06-17 13:44:55.644] [INF] [RX] ev=0 sid=6 chunk=1406B (accum+=65902)
[06-17 13:44:55.680] [INF] [RX] ev=0 sid=6 chunk=1406B (accum+=65976)
[06-17 13:44:55.725] [INF] [RX] ev=0 sid=2 chunk=1395B (accum+=66398)
[06-17 13:44:55.761] [INF] [RX] ev=0 sid=6 chunk=1406B (accum+=65933)
[01-05 1294932593172] [BENCH] Duration: 23.65s | Recv: 28.10MB | Current Rate: 9.51Mbps
[06-17 13:44:55.800] [INF] [RX] ev=0 sid=2 chunk=1406B (accum+=65915)
[06-17 13:44:55.840] [INF] [RX] ev=0 sid=6 chunk=1406B (accum+=65965)
[06-17 13:44:55.888] [INF] [RX] ev=0 sid=6 chunk=1406B (accum+=65855)
[06-17 13:44:55.928] [INF] [RX] ev=0 sid=6 chunk=1406B (accum+=65893)
[06-17 13:44:55.969] [INF] [RX] ev=0 sid=6 chunk=1406B (accum+=65929)
[06-17 13:44:56.008] [INF] [RX] ev=0 sid=2 chunk=1400B (accum+=65920)
[06-17 13:44:56.052] [INF] [RX] ev=0 sid=2 chunk=1400B (accum+=65935)
[06-17 13:44:56.092] [INF] [RX] ev=0 sid=2 chunk=1406B (accum+=65939)
[06-17 13:44:56.148] [INF] [RX] ev=0 sid=6 chunk=1406B (accum+=66198)
[06-17 13:44:56.260] [INF] [RX] ev=0 sid=6 chunk=1402B (accum+=65818)
[01-05 1294933093484] [BENCH] Duration: 24.15s | Recv: 28.70MB | Current Rate: 9.51Mbps
[06-17 13:44:56.352] [INF] [RX] ev=0 sid=6 chunk=1406B (accum+=65842)
[06-17 13:44:56.476] [INF] [RX] ev=0 sid=6 chunk=1406B (accum+=65788)
[06-17 13:44:56.573] [INF] [RX] ev=0 sid=6 chunk=1404B (accum+=65861)
[06-17 13:44:56.717] [INF] [RX] ev=0 sid=6 chunk=1406B (accum+=65682)
[01-05 1294933596974] [BENCH] Duration: 24.65s | Recv: 28.97MB | Current Rate: 9.40Mbps
[06-17 13:44:56.829] [INF] [RX] ev=0 sid=6 chunk=1406B (accum+=65788)
[06-17 13:44:56.973] [INF] [RX] ev=0 sid=6 chunk=1403B (accum+=65726)
[06-17 13:44:57.081] [INF] [RX] ev=0 sid=6 chunk=1406B (accum+=66746)
[06-17 13:44:57.197] [INF] [RX] ev=0 sid=6 chunk=1405B (accum+=65754)
[01-05 1294934097026] [BENCH] Duration: 25.15s | Recv: 29.24MB | Current Rate: 9.30Mbps
[06-17 13:44:57.305] [INF] [RX] ev=0 sid=6 chunk=1353B (accum+=65706)
[06-17 13:44:57.432] [INF] [RX] ev=0 sid=6 chunk=1401B (accum+=66613)
[06-17 13:44:57.541] [INF] [RX] ev=0 sid=6 chunk=1406B (accum+=65797)
[06-17 13:44:57.636] [INF] [RX] ev=0 sid=6 chunk=1406B (accum+=65821)
[06-17 13:44:57.748] [INF] [RX] ev=0 sid=6 chunk=1399B (accum+=65833)
[01-05 1294934597070] [BENCH] Duration: 25.65s | Recv: 29.53MB | Current Rate: 9.21Mbps
[06-17 13:44:57.829] [INF] [RX] ev=0 sid=6 chunk=1406B (accum+=65867)
[06-17 13:44:57.949] [INF] [RX] ev=0 sid=6 chunk=1406B (accum+=65792)
[06-17 13:44:58.044] [INF] [RX] ev=0 sid=6 chunk=1393B (accum+=65864)
[06-17 13:44:58.148] [INF] [RX] ev=0 sid=6 chunk=1406B (accum+=65802)
[06-17 13:44:58.256] [INF] [RX] ev=0 sid=6 chunk=1358B (accum+=65752)
[01-05 1294935097104] [BENCH] Duration: 26.15s | Recv: 29.86MB | Current Rate: 9.14Mbps
[06-17 13:44:58.304] [INF] [RX] ev=0 sid=6 chunk=1261B (accum+=65846)
[06-17 13:44:58.336] [INF] [RX] ev=0 sid=6 chunk=1406B (accum+=66130)
[06-17 13:44:58.384] [INF] [RX] ev=0 sid=6 chunk=1406B (accum+=65943)
[06-17 13:44:58.436] [INF] [RX] ev=0 sid=2 chunk=1401B (accum+=65872)
[06-17 13:44:58.488] [INF] [RX] ev=0 sid=6 chunk=1406B (accum+=65936)
[06-17 13:44:58.536] [INF] [RX] ev=0 sid=2 chunk=1395B (accum+=65969)
[06-17 13:44:58.577] [INF] [RX] ev=0 sid=6 chunk=1406B (accum+=65889)
[06-17 13:44:58.593] [INF] [RX] ev=0 sid=2 chunk=1406B (accum+=65995)
[06-17 13:44:58.609] [INF] [RX] ev=0 sid=2 chunk=1406B (accum+=65944)
[06-17 13:44:58.618] [INF] [RX] ev=0 sid=6 chunk=1406B (accum+=65980)
[06-17 13:44:58.625] [INF] [RX] ev=0 sid=6 chunk=1406B (accum+=65995)
[06-17 13:44:58.632] [INF] [RX] ev=0 sid=2 chunk=1406B (accum+=66052)
[06-17 13:44:58.637] [INF] [RX] ev=0 sid=6 chunk=972B (accum+=65980)
[06-17 13:44:58.642] [INF] [RX] ev=0 sid=2 chunk=1406B (accum+=66067)
[06-17 13:44:58.648] [INF] [RX] ev=0 sid=2 chunk=1406B (accum+=65995)
[06-17 13:44:58.657] [INF] [RX] ev=0 sid=6 chunk=1405B (accum+=65693)
[06-17 13:44:58.661] [INF] [RX] ev=0 sid=6 chunk=1406B (accum+=66008)
[06-17 13:44:58.666] [INF] [RX] ev=0 sid=6 chunk=1150B (accum+=66227)
[06-17 13:44:58.673] [INF] [RX] ev=0 sid=6 chunk=1406B (accum+=66029)
[06-17 13:44:58.680] [INF] [RX] ev=0 sid=6 chunk=535B (accum+=66014)
[06-17 13:44:58.685] [INF] [RX] ev=0 sid=6 chunk=1406B (accum+=66067)
[06-17 13:44:58.694] [INF] [RX] ev=0 sid=6 chunk=1406B (accum+=65989)
[06-17 13:44:58.699] [INF] [RX] ev=0 sid=6 chunk=1406B (accum+=66247)
[06-17 13:44:58.705] [INF] [RX] ev=0 sid=6 chunk=1406B (accum+=66014)
[06-17 13:44:58.710] [INF] [RX] ev=0 sid=6 chunk=1406B (accum+=66066)
[06-17 13:44:58.717] [INF] [RX] ev=0 sid=6 chunk=1406B (accum+=66014)
[06-17 13:44:58.721] [INF] [RX] ev=0 sid=6 chunk=1406B (accum+=66066)
[06-17 13:44:58.730] [INF] [RX] ev=0 sid=6 chunk=1406B (accum+=65973)
[06-17 13:44:58.733] [INF] [RX] ev=0 sid=6 chunk=1406B (accum+=66650)
[06-17 13:44:58.738] [INF] [RX] ev=0 sid=6 chunk=1406B (accum+=66031)
[06-17 13:44:58.744] [INF] [RX] ev=0 sid=6 chunk=1406B (accum+=66051)
[06-17 13:44:58.748] [INF] [RX] ev=0 sid=6 chunk=1406B (accum+=66066)
[06-17 13:44:58.753] [INF] [RX] ev=0 sid=6 chunk=1406B (accum+=66015)
[06-17 13:44:58.757] [INF] [RX] ev=0 sid=6 chunk=1406B (accum+=66051)
[06-17 13:44:58.762] [INF] [RX] ev=0 sid=6 chunk=1406B (accum+=66059)
[06-17 13:44:58.764] [INF] [RX] ev=0 sid=6 chunk=1406B (accum+=65840)
[06-17 13:44:58.768] [INF] [RX] ev=0 sid=6 chunk=1406B (accum+=66073)
[06-17 13:44:58.773] [INF] [RX] ev=0 sid=6 chunk=1406B (accum+=66015)
[06-17 13:44:58.777] [INF] [RX] ev=0 sid=6 chunk=1406B (accum+=66066)
[06-17 13:44:58.781] [INF] [RX] ev=0 sid=6 chunk=1406B (accum+=66016)
[06-17 13:44:58.785] [INF] [RX] ev=0 sid=6 chunk=1406B (accum+=66066)
[01-05 1294935597594] [BENCH] Duration: 26.65s | Recv: 32.41MB | Current Rate: 9.73Mbps
[06-17 13:44:58.835] [INF] [RX] ev=0 sid=2 chunk=1406B (accum+=66274)
[06-17 13:44:58.866] [INF] [RX] ev=0 sid=2 chunk=1406B (accum+=66913)
[06-17 13:44:58.935] [INF] [RX] ev=0 sid=2 chunk=1406B (accum+=66864)
[06-17 13:44:58.968] [INF] [RX] ev=0 sid=2 chunk=1406B (accum+=65576)
[06-17 13:44:59.034] [INF] [RX] ev=0 sid=2 chunk=1406B (accum+=65830)
[06-17 13:44:59.116] [INF] [RX] ev=0 sid=2 chunk=1384B (accum+=65593)
[06-17 13:44:59.225] [INF] [RX] ev=0 sid=2 chunk=1367B (accum+=66439)
[01-05 1294936110002] [BENCH] Duration: 27.16s | Recv: 32.86MB | Current Rate: 9.68Mbps
[06-17 13:44:59.339] [INF] [RX] ev=0 sid=2 chunk=1406B (accum+=65658)
[06-17 13:44:59.436] [INF] [RX] ev=0 sid=2 chunk=1406B (accum+=65667)
[06-17 13:44:59.565] [INF] [RX] ev=0 sid=2 chunk=1401B (accum+=65663)
[06-17 13:44:59.640] [INF] [RX] ev=0 sid=2 chunk=1392B (accum+=65755)
[06-17 13:44:59.768] [INF] [RX] ev=0 sid=2 chunk=1399B (accum+=66114)
[01-05 1294936612920] [BENCH] Duration: 27.67s | Recv: 33.16MB | Current Rate: 9.59Mbps
[06-17 13:44:59.868] [INF] [RX] ev=0 sid=2 chunk=1398B (accum+=65619)
[06-17 13:44:59.972] [INF] [RX] ev=0 sid=2 chunk=1393B (accum+=65550)
[06-17 13:45:00.076] [INF] [RX] ev=0 sid=2 chunk=1376B (accum+=65723)
[06-17 13:45:00.148] [INF] [RX] ev=0 sid=2 chunk=1335B (accum+=65755)
[06-17 13:45:00.200] [INF] [RX] ev=0 sid=2 chunk=1364B (accum+=66781)
[06-17 13:45:00.264] [INF] [RX] ev=0 sid=2 chunk=1406B (accum+=66812)
[01-05 1294937113028] [BENCH] Duration: 28.17s | Recv: 33.57MB | Current Rate: 9.54Mbps
[06-17 13:45:00.324] [INF] [RX] ev=0 sid=2 chunk=1406B (accum+=66662)
[06-17 13:45:00.380] [INF] [RX] ev=0 sid=2 chunk=1056B (accum+=66393)
[06-17 13:45:00.468] [INF] [RX] ev=0 sid=2 chunk=1406B (accum+=66299)
[06-17 13:45:00.581] [INF] [RX] ev=0 sid=2 chunk=1298B (accum+=65568)
[06-17 13:45:00.665] [INF] [RX] ev=0 sid=2 chunk=1406B (accum+=65777)
[06-17 13:45:00.784] [INF] [RX] ev=0 sid=2 chunk=1406B (accum+=66106)
[01-05 1294937616808] [BENCH] Duration: 28.67s | Recv: 33.92MB | Current Rate: 9.47Mbps
[06-17 13:45:00.848] [INF] [RX] ev=0 sid=2 chunk=1381B (accum+=65750)
[06-17 13:45:00.900] [INF] [RX] ev=0 sid=6 chunk=1406B (accum+=65777)
[06-17 13:45:00.960] [INF] [RX] ev=0 sid=6 chunk=1406B (accum+=65854)
[06-17 13:45:01.004] [INF] [RX] ev=0 sid=6 chunk=1406B (accum+=65780)
[06-17 13:45:01.057] [INF] [RX] ev=0 sid=6 chunk=1406B (accum+=65679)
[06-17 13:45:01.108] [INF] [RX] ev=0 sid=2 chunk=1406B (accum+=65872)
[06-17 13:45:01.156] [INF] [RX] ev=0 sid=2 chunk=1406B (accum+=65761)
[06-17 13:45:01.200] [INF] [RX] ev=0 sid=2 chunk=1406B (accum+=65779)
[06-17 13:45:01.260] [INF] [RX] ev=0 sid=6 chunk=1406B (accum+=66411)
[06-17 13:45:01.312] [INF] [RX] ev=0 sid=2 chunk=1355B (accum+=66557)
[01-05 1294938116938] [BENCH] Duration: 29.17s | Recv: 34.53MB | Current Rate: 9.47Mbps
[06-17 13:45:01.356] [INF] [RX] ev=0 sid=6 chunk=1406B (accum+=65738)
[06-17 13:45:01.400] [INF] [RX] ev=0 sid=2 chunk=1382B (accum+=65784)
[06-17 13:45:01.472] [INF] [RX] ev=0 sid=6 chunk=1406B (accum+=65636)
[06-17 13:45:01.528] [INF] [RX] ev=0 sid=2 chunk=1387B (accum+=65763)
[06-17 13:45:01.572] [INF] [RX] ev=0 sid=2 chunk=1406B (accum+=65793)
[06-17 13:45:01.620] [INF] [RX] ev=0 sid=6 chunk=1406B (accum+=65776)
[06-17 13:45:01.672] [INF] [RX] ev=0 sid=6 chunk=1406B (accum+=65736)
[06-17 13:45:01.720] [INF] [RX] ev=0 sid=6 chunk=1406B (accum+=65827)
[06-17 13:45:01.768] [INF] [RX] ev=0 sid=6 chunk=1406B (accum+=65821)
[01-05 1294938617521] [BENCH] Duration: 29.67s | Recv: 35.15MB | Current Rate: 9.48Mbps
[06-17 13:45:01.817] [INF] [RX] ev=0 sid=6 chunk=1406B (accum+=65787)
[06-17 13:45:01.864] [INF] [RX] ev=0 sid=2 chunk=1406B (accum+=65753)
[06-17 13:45:01.916] [INF] [RX] ev=0 sid=2 chunk=1406B (accum+=65792)
[06-17 13:45:01.980] [INF] [RX] ev=0 sid=2 chunk=1272B (accum+=65625)
[06-17 13:45:02.024] [INF] [RX] ev=0 sid=2 chunk=1406B (accum+=65885)
[06-17 13:45:02.080] [INF] [RX] ev=0 sid=2 chunk=1381B (accum+=65706)
[06-17 13:45:02.132] [INF] [RX] ev=0 sid=6 chunk=1406B (accum+=65875)
[06-17 13:45:02.208] [INF] [RX] ev=0 sid=6 chunk=1383B (accum+=66276)
[01-05 1294939120842] [BENCH] Duration: 30.17s | Recv: 35.64MB | Current Rate: 9.45Mbps
[06-17 13:45:02.360] [INF] [RX] ev=0 sid=6 chunk=1406B (accum+=65587)
[06-17 13:45:02.492] [INF] [RX] ev=0 sid=6 chunk=1378B (accum+=66844)
[06-17 13:45:02.616] [INF] [RX] ev=0 sid=6 chunk=1384B (accum+=66869)
[06-17 13:45:02.748] [INF] [RX] ev=0 sid=6 chunk=1406B (accum+=65859)
[01-05 1294939624777] [BENCH] Duration: 30.68s | Recv: 35.88MB | Current Rate: 9.36Mbps
[06-17 13:45:02.892] [INF] [RX] ev=0 sid=6 chunk=1397B (accum+=65583)
[06-17 13:45:03.040] [INF] [RX] ev=0 sid=6 chunk=1369B (accum+=66892)
[01-05 1294940204618] [BENCH] Duration: 31.26s | Recv: 36.02MB | Current Rate: 9.22Mbps
[06-17 13:45:03.425] [INF] [RX] ev=0 sid=6 chunk=1397B (accum+=66737)
[06-17 13:45:03.640] [INF] [RX] ev=0 sid=6 chunk=1397B (accum+=66847)
[06-17 13:45:03.788] [INF] [RX] ev=0 sid=6 chunk=1395B (accum+=66887)
[01-05 1294940704902] [BENCH] Duration: 31.76s | Recv: 36.22MB | Current Rate: 9.12Mbps
[06-17 13:45:03.920] [INF] [RX] ev=0 sid=6 chunk=1393B (accum+=65658)
[06-17 13:45:04.076] [INF] [RX] ev=0 sid=6 chunk=1388B (accum+=66515)
[06-17 13:45:04.196] [INF] [RX] ev=0 sid=6 chunk=1402B (accum+=65621)
[06-17 13:45:04.368] [INF] [RX] ev=0 sid=6 chunk=1406B (accum+=66875)
[01-05 1294941216705] [BENCH] Duration: 32.27s | Recv: 36.43MB | Current Rate: 9.03Mbps
[06-17 13:45:04.508] [INF] [RX] ev=0 sid=6 chunk=1395B (accum+=66653)
[06-17 13:45:04.656] [INF] [RX] ev=0 sid=6 chunk=1406B (accum+=65559)
[06-17 13:45:04.780] [INF] [RX] ev=0 sid=6 chunk=1390B (accum+=66549)
[06-17 13:45:04.908] [INF] [RX] ev=0 sid=6 chunk=1406B (accum+=66928)
[01-05 1294941716797] [BENCH] Duration: 32.77s | Recv: 36.67MB | Current Rate: 8.95Mbps
[06-17 13:45:05.052] [INF] [RX] ev=0 sid=6 chunk=1406B (accum+=66914)
[06-17 13:45:05.172] [INF] [RX] ev=0 sid=2 chunk=1406B (accum+=66889)
[06-17 13:45:05.224] [INF] [RX] ev=0 sid=6 chunk=1406B (accum+=65679)
[06-17 13:45:05.278] [INF] [RX] ev=0 sid=2 chunk=1406B (accum+=65853)
[06-17 13:45:05.324] [INF] [RX] ev=0 sid=6 chunk=1406B (accum+=65809)
[06-17 13:45:05.388] [INF] [RX] ev=0 sid=6 chunk=1406B (accum+=65695)
[01-05 1294942220894] [BENCH] Duration: 33.27s | Recv: 37.08MB | Current Rate: 8.91Mbps
[06-17 13:45:05.440] [INF] [RX] ev=0 sid=6 chunk=1327B (accum+=65639)
[06-17 13:45:05.480] [INF] [RX] ev=0 sid=6 chunk=1406B (accum+=65811)
[06-17 13:45:05.520] [INF] [RX] ev=0 sid=2 chunk=1406B (accum+=65778)
[06-17 13:45:05.568] [INF] [RX] ev=0 sid=6 chunk=1406B (accum+=65843)
[06-17 13:45:05.616] [INF] [RX] ev=0 sid=6 chunk=1406B (accum+=65762)
[06-17 13:45:05.676] [INF] [RX] ev=0 sid=6 chunk=1406B (accum+=65738)
[06-17 13:45:05.724] [INF] [RX] ev=0 sid=6 chunk=1243B (accum+=65689)
[06-17 13:45:05.772] [INF] [RX] ev=0 sid=2 chunk=1386B (accum+=65838)
[06-17 13:45:05.820] [INF] [RX] ev=0 sid=2 chunk=1406B (accum+=65803)
[06-17 13:45:05.876] [INF] [RX] ev=0 sid=2 chunk=1406B (accum+=65777)
[01-05 1294942721206] [BENCH] Duration: 33.77s | Recv: 37.74MB | Current Rate: 8.94Mbps
[06-17 13:45:05.921] [INF] [RX] ev=0 sid=6 chunk=1406B (accum+=65790)
[06-17 13:45:05.972] [INF] [RX] ev=0 sid=6 chunk=1406B (accum+=65742)
[06-17 13:45:06.041] [INF] [RX] ev=0 sid=6 chunk=1344B (accum+=65666)
[06-17 13:45:06.088] [INF] [RX] ev=0 sid=2 chunk=1386B (accum+=65771)
[06-17 13:45:06.144] [INF] [RX] ev=0 sid=6 chunk=1406B (accum+=65783)
[06-17 13:45:06.204] [INF] [RX] ev=0 sid=6 chunk=1406B (accum+=65663)
[06-17 13:45:06.248] [INF] [RX] ev=0 sid=6 chunk=1406B (accum+=65806)
[06-17 13:45:06.296] [INF] [RX] ev=0 sid=6 chunk=1406B (accum+=65786)
[06-17 13:45:06.356] [INF] [RX] ev=0 sid=6 chunk=1377B (accum+=65638)
[06-17 13:45:06.420] [INF] [RX] ev=0 sid=2 chunk=1270B (accum+=65638)
[01-05 1294943224585] [BENCH] Duration: 34.28s | Recv: 38.31MB | Current Rate: 8.94Mbps
[06-17 13:45:06.492] [INF] [RX] ev=0 sid=2 chunk=1406B (accum+=65893)
[06-17 13:45:06.544] [INF] [RX] ev=0 sid=6 chunk=1406B (accum+=65839)
[06-17 13:45:06.600] [INF] [RX] ev=0 sid=6 chunk=1350B (accum+=65765)
[06-17 13:45:06.648] [INF] [RX] ev=0 sid=6 chunk=1406B (accum+=65705)
[06-17 13:45:06.696] [INF] [RX] ev=0 sid=6 chunk=1406B (accum+=65757)
[06-17 13:45:06.748] [INF] [RX] ev=0 sid=2 chunk=1351B (accum+=65671)
[06-17 13:45:06.792] [INF] [RX] ev=0 sid=2 chunk=1406B (accum+=65748)
[06-17 13:45:06.848] [INF] [RX] ev=0 sid=2 chunk=1395B (accum+=65678)
[06-17 13:45:06.904] [INF] [RX] ev=0 sid=6 chunk=1406B (accum+=65784)
[01-05 1294943724791] [BENCH] Duration: 34.78s | Recv: 38.89MB | Current Rate: 8.95Mbps
[06-17 13:45:06.956] [INF] [RX] ev=0 sid=6 chunk=1406B (accum+=65816)
[06-17 13:45:07.012] [INF] [RX] ev=0 sid=6 chunk=1406B (accum+=65642)
[06-17 13:45:07.064] [INF] [RX] ev=0 sid=2 chunk=1385B (accum+=65775)
[06-17 13:45:07.116] [INF] [RX] ev=0 sid=2 chunk=1387B (accum+=65735)
[06-17 13:45:07.180] [INF] [RX] ev=0 sid=2 chunk=1406B (accum+=65625)
[06-17 13:45:07.236] [INF] [RX] ev=0 sid=6 chunk=1387B (accum+=65801)
[06-17 13:45:07.285] [INF] [RX] ev=0 sid=2 chunk=1364B (accum+=66897)
[06-17 13:45:07.348] [INF] [RX] ev=0 sid=2 chunk=1406B (accum+=66023)
[06-17 13:45:07.416] [INF] [RX] ev=0 sid=6 chunk=1406B (accum+=65611)
[01-05 1294944225008] [BENCH] Duration: 35.28s | Recv: 39.44MB | Current Rate: 8.94Mbps
[06-17 13:45:07.488] [INF] [RX] ev=0 sid=6 chunk=1406B (accum+=65781)
[06-17 13:45:07.557] [INF] [RX] ev=0 sid=6 chunk=922B (accum+=65831)
[06-17 13:45:07.629] [INF] [RX] ev=0 sid=6 chunk=1406B (accum+=65567)
[06-17 13:45:07.724] [INF] [RX] ev=0 sid=6 chunk=1365B (accum+=65586)
[06-17 13:45:07.797] [INF] [RX] ev=0 sid=6 chunk=1406B (accum+=65671)
[06-17 13:45:07.872] [INF] [RX] ev=0 sid=6 chunk=1406B (accum+=65655)
[01-05 1294944728503] [BENCH] Duration: 35.78s | Recv: 39.85MB | Current Rate: 8.91Mbps
[06-17 13:45:07.940] [INF] [RX] ev=0 sid=2 chunk=1386B (accum+=65682)
[06-17 13:45:07.996] [INF] [RX] ev=0 sid=6 chunk=1406B (accum+=65813)
[06-17 13:45:08.056] [INF] [RX] ev=0 sid=2 chunk=1406B (accum+=65768)
[06-17 13:45:08.124] [INF] [RX] ev=0 sid=2 chunk=1396B (accum+=65695)
[06-17 13:45:08.168] [INF] [RX] ev=0 sid=6 chunk=1406B (accum+=65699)
[06-17 13:45:08.220] [INF] [RX] ev=0 sid=2 chunk=1406B (accum+=65789)
[06-17 13:45:08.268] [INF] [RX] ev=0 sid=6 chunk=1383B (accum+=65783)
[06-17 13:45:08.328] [INF] [RX] ev=0 sid=6 chunk=1406B (accum+=65720)
[06-17 13:45:08.364] [INF] [RX] ev=0 sid=2 chunk=1406B (accum+=65892)
[06-17 13:45:08.420] [INF] [RX] ev=0 sid=2 chunk=1274B (accum+=65759)
[01-05 1294945228527] [BENCH] Duration: 36.28s | Recv: 40.45MB | Current Rate: 8.92Mbps
[06-17 13:45:08.484] [INF] [RX] ev=0 sid=6 chunk=1393B (accum+=65777)
[06-17 13:45:08.532] [INF] [RX] ev=0 sid=6 chunk=1406B (accum+=65614)
[06-17 13:45:08.572] [INF] [RX] ev=0 sid=2 chunk=1384B (accum+=65824)
[06-17 13:45:08.628] [INF] [RX] ev=0 sid=2 chunk=1398B (accum+=65827)
[06-17 13:45:08.671] [INF] [RX] ev=0 sid=2 chunk=1392B (accum+=65841)
[06-17 13:45:08.715] [INF] [RX] ev=0 sid=2 chunk=1387B (accum+=65846)
[06-17 13:45:08.760] [INF] [RX] ev=0 sid=2 chunk=1385B (accum+=65830)
[06-17 13:45:08.795] [INF] [RX] ev=0 sid=2 chunk=1056B (accum+=65557)
[06-17 13:45:08.840] [INF] [RX] ev=0 sid=6 chunk=1406B (accum+=66105)
[06-17 13:45:08.884] [INF] [RX] ev=0 sid=6 chunk=1406B (accum+=65817)
[01-05 1294945728955] [BENCH] Duration: 36.78s | Recv: 41.11MB | Current Rate: 8.94Mbps
[06-17 13:45:08.940] [INF] [RX] ev=0 sid=6 chunk=1406B (accum+=65685)
[06-17 13:45:08.988] [INF] [RX] ev=0 sid=2 chunk=1394B (accum+=65821)
[06-17 13:45:09.036] [INF] [RX] ev=0 sid=6 chunk=1406B (accum+=65752)
[06-17 13:45:09.084] [INF] [RX] ev=0 sid=2 chunk=1406B (accum+=65859)
[06-17 13:45:09.136] [INF] [RX] ev=0 sid=6 chunk=1406B (accum+=65885)
[06-17 13:45:09.184] [INF] [RX] ev=0 sid=2 chunk=1406B (accum+=65733)
[06-17 13:45:09.228] [INF] [RX] ev=0 sid=6 chunk=1406B (accum+=65798)
[06-17 13:45:09.284] [INF] [RX] ev=0 sid=6 chunk=1406B (accum+=65751)
[06-17 13:45:09.336] [INF] [RX] ev=0 sid=2 chunk=1380B (accum+=65816)
[06-17 13:45:09.403] [INF] [RX] ev=0 sid=2 chunk=1406B (accum+=65655)
[06-17 13:45:09.424] [INF] [RX] ev=0 sid=6 chunk=1406B (accum+=65959)
[01-05 1294946228958] [BENCH] Duration: 37.28s | Recv: 41.77MB | Current Rate: 8.96Mbps
[06-17 13:45:09.440] [INF] [RX] ev=0 sid=2 chunk=1370B (accum+=65944)
[06-17 13:45:09.448] [INF] [RX] ev=0 sid=2 chunk=1406B (accum+=65959)
[06-17 13:45:09.456] [INF] [RX] ev=0 sid=2 chunk=1406B (accum+=65980)
[06-17 13:45:09.460] [INF] [RX] ev=0 sid=2 chunk=1406B (accum+=66052)
[06-17 13:45:09.468] [INF] [RX] ev=0 sid=2 chunk=1405B (accum+=65995)
[06-17 13:45:09.472] [INF] [RX] ev=0 sid=6 chunk=1406B (accum+=66067)
[06-17 13:45:09.480] [INF] [RX] ev=0 sid=2 chunk=1406B (accum+=65980)
[06-17 13:45:09.484] [INF] [RX] ev=0 sid=6 chunk=1406B (accum+=66052)
[06-17 13:45:09.490] [INF] [RX] ev=0 sid=6 chunk=1406B (accum+=65995)
[06-17 13:45:09.496] [INF] [RX] ev=0 sid=2 chunk=1370B (accum+=66016)
[06-17 13:45:09.500] [INF] [RX] ev=0 sid=2 chunk=1406B (accum+=66016)
[06-17 13:45:09.502] [INF] [RX] ev=0 sid=6 chunk=1406B (accum+=66067)
[06-17 13:45:09.510] [INF] [RX] ev=0 sid=6 chunk=1406B (accum+=65995)
[06-17 13:45:09.513] [INF] [RX] ev=0 sid=2 chunk=1406B (accum+=66052)
[06-17 13:45:09.517] [INF] [RX] ev=0 sid=2 chunk=1406B (accum+=65980)
[06-17 13:45:09.521] [INF] [RX] ev=0 sid=6 chunk=1406B (accum+=66052)
[06-17 13:45:09.524] [INF] [RX] ev=0 sid=6 chunk=1406B (accum+=66082)
[06-17 13:45:09.528] [INF] [RX] ev=0 sid=2 chunk=1406B (accum+=65980)
[06-17 13:45:09.532] [INF] [RX] ev=0 sid=2 chunk=1406B (accum+=66052)
[06-17 13:45:09.533] [INF] [RX] ev=0 sid=6 chunk=1406B (accum+=66052)
[06-17 13:45:09.537] [INF] [RX] ev=0 sid=6 chunk=1406B (accum+=66067)
[06-17 13:45:09.541] [INF] [RX] ev=0 sid=6 chunk=1406B (accum+=65995)
[06-17 13:45:09.542] [INF] [RX] ev=0 sid=6 chunk=1406B (accum+=66052)
[06-17 13:45:09.545] [INF] [RX] ev=0 sid=2 chunk=1406B (accum+=66052)
[06-17 13:45:09.548] [INF] [RX] ev=0 sid=6 chunk=1406B (accum+=65980)
[06-17 13:45:09.552] [INF] [RX] ev=0 sid=2 chunk=1406B (accum+=66067)
[06-17 13:45:09.553] [INF] [RX] ev=0 sid=6 chunk=1406B (accum+=66067)
[06-17 13:45:09.561] [INF] [RX] ev=0 sid=6 chunk=1406B (accum+=65981)
[06-17 13:45:09.562] [INF] [RX] ev=0 sid=2 chunk=1406B (accum+=66052)
[06-17 13:45:09.565] [INF] [RX] ev=0 sid=2 chunk=1406B (accum+=66067)
[06-17 13:45:09.568] [INF] [RX] ev=0 sid=2 chunk=1406B (accum+=65995)
[06-17 13:45:09.570] [INF] [RX] ev=0 sid=2 chunk=1406B (accum+=66052)
[06-17 13:45:09.573] [INF] [RX] ev=0 sid=2 chunk=1406B (accum+=66052)
[06-17 13:45:09.577] [INF] [RX] ev=0 sid=6 chunk=1406B (accum+=66339)
[06-17 13:45:09.585] [INF] [RX] ev=0 sid=6 chunk=1406B (accum+=66030)
[06-17 13:45:09.592] [INF] [RX] ev=0 sid=6 chunk=1406B (accum+=66015)
[06-17 13:45:09.600] [INF] [RX] ev=0 sid=6 chunk=1406B (accum+=66051)
[06-17 13:45:09.608] [INF] [RX] ev=0 sid=6 chunk=1406B (accum+=66030)
[06-17 13:45:09.612] [INF] [RX] ev=0 sid=6 chunk=1406B (accum+=66051)
[06-17 13:45:09.620] [INF] [RX] ev=0 sid=6 chunk=1406B (accum+=66029)
[06-17 13:45:09.624] [INF] [RX] ev=0 sid=6 chunk=1406B (accum+=66052)
[06-17 13:45:09.629] [INF] [RX] ev=0 sid=6 chunk=1406B (accum+=66015)
[06-17 13:45:09.636] [INF] [RX] ev=0 sid=6 chunk=1406B (accum+=66030)
[06-17 13:45:09.650] [INF] [RX] ev=0 sid=6 chunk=1406B (accum+=66016)
[06-17 13:45:09.657] [INF] [RX] ev=0 sid=6 chunk=1406B (accum+=66031)
[06-17 13:45:09.669] [INF] [RX] ev=0 sid=6 chunk=1406B (accum+=66015)
[06-17 13:45:09.676] [INF] [RX] ev=0 sid=6 chunk=1406B (accum+=66030)
[06-17 13:45:09.681] [INF] [RX] ev=0 sid=6 chunk=1406B (accum+=66014)
[06-17 13:45:09.689] [INF] [RX] ev=0 sid=6 chunk=1406B (accum+=66014)
[06-17 13:45:09.693] [INF] [RX] ev=0 sid=6 chunk=1406B (accum+=66067)
[06-17 13:45:09.708] [INF] [RX] ev=0 sid=6 chunk=1406B (accum+=66022)
[06-17 13:45:09.716] [INF] [RX] ev=0 sid=6 chunk=1406B (accum+=66067)
[06-17 13:45:09.721] [INF] [RX] ev=0 sid=6 chunk=1406B (accum+=66051)
[06-17 13:45:09.736] [INF] [RX] ev=0 sid=6 chunk=1406B (accum+=65994)
[06-17 13:45:09.744] [INF] [RX] ev=0 sid=6 chunk=1406B (accum+=66015)
[06-17 13:45:09.752] [INF] [RX] ev=0 sid=6 chunk=1406B (accum+=66015)
[06-17 13:45:09.776] [INF] [RX] ev=0 sid=6 chunk=1406B (accum+=66061)
[06-17 13:45:09.839] [INF] [RX] ev=0 sid=6 chunk=1406B (accum+=66621)
[06-17 13:45:09.876] [INF] [RX] ev=0 sid=6 chunk=1361B (accum+=65651)
[01-05 1294946744431] [BENCH] Duration: 37.80s | Recv: 45.51MB | Current Rate: 9.63Mbps
[06-17 13:45:09.945] [INF] [RX] ev=0 sid=6 chunk=1406B (accum+=66171)
[06-17 13:45:10.008] [INF] [RX] ev=0 sid=6 chunk=1395B (accum+=66706)
[06-17 13:45:10.044] [INF] [RX] ev=0 sid=6 chunk=1406B (accum+=65630)
[06-17 13:45:10.108] [INF] [RX] ev=0 sid=6 chunk=1406B (accum+=65900)
[06-17 13:45:10.148] [INF] [RX] ev=0 sid=6 chunk=1406B (accum+=66139)
[06-17 13:45:10.208] [INF] [RX] ev=0 sid=6 chunk=1406B (accum+=65803)
[06-17 13:45:10.246] [INF] [RX] ev=0 sid=6 chunk=1406B (accum+=66839)
[06-17 13:45:10.313] [INF] [RX] ev=0 sid=6 chunk=1406B (accum+=66731)
[06-17 13:45:10.376] [INF] [RX] ev=0 sid=6 chunk=1406B (accum+=66424)
[06-17 13:45:10.412] [INF] [RX] ev=0 sid=6 chunk=1406B (accum+=66006)
[01-05 1294947245109] [BENCH] Duration: 38.30s | Recv: 46.13MB | Current Rate: 9.64Mbps
[06-17 13:45:10.476] [INF] [RX] ev=0 sid=6 chunk=1406B (accum+=65711)
[06-17 13:45:10.513] [INF] [RX] ev=0 sid=6 chunk=1406B (accum+=66860)
[06-17 13:45:10.576] [INF] [RX] ev=0 sid=6 chunk=1406B (accum+=66395)
[06-17 13:45:10.644] [INF] [RX] ev=0 sid=6 chunk=1406B (accum+=66032)
[06-17 13:45:10.680] [INF] [RX] ev=0 sid=6 chunk=1406B (accum+=65613)
[06-17 13:45:10.744] [INF] [RX] ev=0 sid=6 chunk=1406B (accum+=66330)
[06-17 13:45:10.780] [INF] [RX] ev=0 sid=6 chunk=1406B (accum+=66719)
[06-17 13:45:10.844] [INF] [RX] ev=0 sid=6 chunk=1406B (accum+=66665)
[06-17 13:45:10.882] [INF] [RX] ev=0 sid=6 chunk=1406B (accum+=66054)
[06-17 13:45:10.944] [INF] [RX] ev=0 sid=6 chunk=1406B (accum+=66079)
[01-05 1294947745147] [BENCH] Duration: 38.80s | Recv: 46.73MB | Current Rate: 9.64Mbps
[06-17 13:45:11.012] [INF] [RX] ev=0 sid=6 chunk=1406B (accum+=66856)
[06-17 13:45:11.049] [INF] [RX] ev=0 sid=6 chunk=1406B (accum+=66726)
[06-17 13:45:11.112] [INF] [RX] ev=0 sid=6 chunk=1406B (accum+=66411)
[06-17 13:45:11.211] [INF] [RX] ev=0 sid=2 chunk=1406B (accum+=66164)
[06-17 13:45:11.249] [INF] [RX] ev=0 sid=2 chunk=1406B (accum+=65880)
[06-17 13:45:11.312] [INF] [RX] ev=0 sid=2 chunk=1406B (accum+=66554)
[06-17 13:45:11.349] [INF] [RX] ev=0 sid=2 chunk=1406B (accum+=66384)
[06-17 13:45:11.416] [INF] [RX] ev=0 sid=2 chunk=1406B (accum+=66366)
[01-05 1294948248331] [BENCH] Duration: 39.30s | Recv: 47.27MB | Current Rate: 9.62Mbps
[06-17 13:45:11.449] [INF] [RX] ev=0 sid=2 chunk=1406B (accum+=66157)
[06-17 13:45:11.516] [INF] [RX] ev=0 sid=2 chunk=1406B (accum+=66407)
[06-17 13:45:11.545] [INF] [RX] ev=0 sid=2 chunk=1406B (accum+=66914)
[06-17 13:45:11.615] [INF] [RX] ev=0 sid=2 chunk=1406B (accum+=66615)
[06-17 13:45:11.649] [INF] [RX] ev=0 sid=2 chunk=1406B (accum+=66899)
[06-17 13:45:11.716] [INF] [RX] ev=0 sid=2 chunk=1406B (accum+=65546)
[06-17 13:45:11.749] [INF] [RX] ev=0 sid=2 chunk=1406B (accum+=65614)
[06-17 13:45:11.816] [INF] [RX] ev=0 sid=2 chunk=1406B (accum+=66027)
[06-17 13:45:11.884] [INF] [RX] ev=0 sid=2 chunk=1406B (accum+=66489)
[06-17 13:45:11.916] [INF] [RX] ev=0 sid=2 chunk=1406B (accum+=66928)
[01-05 1294948748525] [BENCH] Duration: 39.80s | Recv: 47.88MB | Current Rate: 9.62Mbps
[06-17 13:45:11.984] [INF] [RX] ev=0 sid=2 chunk=1406B (accum+=66414)
[06-17 13:45:12.017] [INF] [RX] ev=0 sid=2 chunk=1406B (accum+=66435)
[06-17 13:45:12.084] [INF] [RX] ev=0 sid=2 chunk=1406B (accum+=65659)
[06-17 13:45:12.117] [INF] [RX] ev=0 sid=2 chunk=1143B (accum+=65992)
[06-17 13:45:12.184] [INF] [RX] ev=0 sid=2 chunk=1406B (accum+=66551)
[06-17 13:45:12.252] [INF] [RX] ev=0 sid=2 chunk=1406B (accum+=65989)
[06-17 13:45:12.285] [INF] [RX] ev=0 sid=2 chunk=1406B (accum+=65798)
[06-17 13:45:12.353] [INF] [RX] ev=0 sid=2 chunk=1406B (accum+=66328)
[06-17 13:45:12.385] [INF] [RX] ev=0 sid=2 chunk=1406B (accum+=66329)
[01-05 1294949252314] [BENCH] Duration: 40.30s | Recv: 48.49MB | Current Rate: 9.62Mbps
[06-17 13:45:12.452] [INF] [RX] ev=0 sid=2 chunk=1406B (accum+=66363)
[06-17 13:45:12.485] [INF] [RX] ev=0 sid=2 chunk=1406B (accum+=65872)
[06-17 13:45:12.553] [INF] [RX] ev=0 sid=2 chunk=1406B (accum+=66577)
[06-17 13:45:12.585] [INF] [RX] ev=0 sid=2 chunk=1406B (accum+=65839)
[06-17 13:45:12.653] [INF] [RX] ev=0 sid=2 chunk=1406B (accum+=65827)
[06-17 13:45:12.685] [INF] [RX] ev=0 sid=2 chunk=993B (accum+=65625)
[06-17 13:45:12.753] [INF] [RX] ev=0 sid=2 chunk=1406B (accum+=65756)
[06-17 13:45:12.819] [INF] [RX] ev=0 sid=2 chunk=1406B (accum+=65764)
[06-17 13:45:12.853] [INF] [RX] ev=0 sid=2 chunk=1406B (accum+=66723)
[06-17 13:45:12.920] [INF] [RX] ev=0 sid=2 chunk=1406B (accum+=66426)
[01-05 1294949752834] [BENCH] Duration: 40.81s | Recv: 49.10MB | Current Rate: 9.63Mbps
[06-17 13:45:12.953] [INF] [RX] ev=0 sid=2 chunk=1406B (accum+=66281)
[06-17 13:45:13.022] [INF] [RX] ev=0 sid=2 chunk=1370B (accum+=65549)
[06-17 13:45:13.088] [INF] [RX] ev=0 sid=2 chunk=1406B (accum+=66478)
[06-17 13:45:13.121] [INF] [RX] ev=0 sid=2 chunk=1406B (accum+=66919)
[06-17 13:45:13.188] [INF] [RX] ev=0 sid=2 chunk=1406B (accum+=66789)
[06-17 13:45:13.221] [INF] [RX] ev=0 sid=2 chunk=1406B (accum+=66265)
[06-17 13:45:13.289] [INF] [RX] ev=0 sid=2 chunk=1406B (accum+=65926)
[06-17 13:45:13.356] [INF] [RX] ev=0 sid=6 chunk=1406B (accum+=66146)
[06-17 13:45:13.389] [INF] [RX] ev=0 sid=6 chunk=1406B (accum+=66015)
[01-05 1294950256708] [BENCH] Duration: 41.31s | Recv: 49.69MB | Current Rate: 9.62Mbps
[06-17 13:45:13.456] [INF] [RX] ev=0 sid=6 chunk=1406B (accum+=66437)
[06-17 13:45:13.489] [INF] [RX] ev=0 sid=6 chunk=1406B (accum+=66463)
[06-17 13:45:13.556] [INF] [RX] ev=0 sid=6 chunk=1406B (accum+=66821)
[06-17 13:45:13.590] [INF] [RX] ev=0 sid=6 chunk=1406B (accum+=66382)
[06-17 13:45:13.656] [INF] [RX] ev=0 sid=6 chunk=1406B (accum+=66381)
[06-17 13:45:13.689] [INF] [RX] ev=0 sid=6 chunk=1406B (accum+=66729)
[06-17 13:45:13.755] [INF] [RX] ev=0 sid=6 chunk=1406B (accum+=66870)
[06-17 13:45:13.788] [INF] [RX] ev=0 sid=6 chunk=1406B (accum+=66876)
[06-17 13:45:13.856] [INF] [RX] ev=0 sid=6 chunk=1406B (accum+=66038)
[06-17 13:45:13.888] [INF] [RX] ev=0 sid=6 chunk=1406B (accum+=66262)
[06-17 13:45:13.956] [INF] [RX] ev=0 sid=6 chunk=1406B (accum+=65585)
[01-05 1294950757115] [BENCH] Duration: 41.81s | Recv: 50.34MB | Current Rate: 9.63Mbps
[06-17 13:45:13.993] [INF] [RX] ev=0 sid=6 chunk=1406B (accum+=66636)
[06-17 13:45:14.056] [INF] [RX] ev=0 sid=6 chunk=1406B (accum+=65876)
[06-17 13:45:14.124] [INF] [RX] ev=0 sid=6 chunk=1406B (accum+=66237)
[06-17 13:45:14.157] [INF] [RX] ev=0 sid=6 chunk=1406B (accum+=66335)
[06-17 13:45:14.224] [INF] [RX] ev=0 sid=6 chunk=1406B (accum+=66290)
[06-17 13:45:14.257] [INF] [RX] ev=0 sid=6 chunk=1406B (accum+=66398)
[06-17 13:45:14.324] [INF] [RX] ev=0 sid=6 chunk=1406B (accum+=66076)
[06-17 13:45:14.392] [INF] [RX] ev=0 sid=6 chunk=1406B (accum+=66445)
[06-17 13:45:14.424] [INF] [RX] ev=0 sid=6 chunk=1406B (accum+=66652)
[01-05 1294951260495] [BENCH] Duration: 42.31s | Recv: 50.92MB | Current Rate: 9.63Mbps
[06-17 13:45:14.492] [INF] [RX] ev=0 sid=6 chunk=1406B (accum+=66319)
[06-17 13:45:14.525] [INF] [RX] ev=0 sid=6 chunk=1406B (accum+=66117)
[06-17 13:45:14.592] [INF] [RX] ev=0 sid=6 chunk=1406B (accum+=66631)
[06-17 13:45:14.624] [INF] [RX] ev=0 sid=6 chunk=1406B (accum+=66040)
[06-17 13:45:14.692] [INF] [RX] ev=0 sid=6 chunk=1406B (accum+=66686)
[06-17 13:45:14.729] [INF] [RX] ev=0 sid=6 chunk=1406B (accum+=66531)
[06-17 13:45:14.793] [INF] [RX] ev=0 sid=6 chunk=1406B (accum+=65869)
[06-17 13:45:14.829] [INF] [RX] ev=0 sid=6 chunk=1406B (accum+=65618)
[06-17 13:45:14.892] [INF] [RX] ev=0 sid=6 chunk=1406B (accum+=66849)
[06-17 13:45:14.928] [INF] [RX] ev=0 sid=6 chunk=1406B (accum+=66810)
[01-05 1294951760497] [BENCH] Duration: 42.81s | Recv: 51.56MB | Current Rate: 9.63Mbps
[06-17 13:45:14.992] [INF] [RX] ev=0 sid=6 chunk=1406B (accum+=66794)
[06-17 13:45:15.028] [INF] [RX] ev=0 sid=6 chunk=1406B (accum+=66789)
[06-17 13:45:15.096] [INF] [RX] ev=0 sid=6 chunk=1406B (accum+=66493)
[06-17 13:45:15.129] [INF] [RX] ev=0 sid=6 chunk=1406B (accum+=65551)
[06-17 13:45:15.196] [INF] [RX] ev=0 sid=6 chunk=1406B (accum+=65846)
[06-17 13:45:15.259] [INF] [RX] ev=0 sid=6 chunk=1406B (accum+=66293)
[06-17 13:45:15.297] [INF] [RX] ev=0 sid=6 chunk=1406B (accum+=66753)
[06-17 13:45:15.360] [INF] [RX] ev=0 sid=6 chunk=1406B (accum+=65727)
[06-17 13:45:15.397] [INF] [RX] ev=0 sid=6 chunk=1406B (accum+=66438)
[01-05 1294952264309] [BENCH] Duration: 43.32s | Recv: 52.15MB | Current Rate: 9.63Mbps
[06-17 13:45:15.465] [INF] [RX] ev=0 sid=6 chunk=1406B (accum+=66169)
[06-17 13:45:15.497] [INF] [RX] ev=0 sid=6 chunk=935B (accum+=66193)
[06-17 13:45:15.564] [INF] [RX] ev=0 sid=6 chunk=1406B (accum+=65962)
[06-17 13:45:15.627] [INF] [RX] ev=0 sid=6 chunk=1406B (accum+=66580)
[06-17 13:45:15.664] [INF] [RX] ev=0 sid=6 chunk=1406B (accum+=65949)
[06-17 13:45:15.727] [INF] [RX] ev=0 sid=6 chunk=1406B (accum+=65630)
[06-17 13:45:15.765] [INF] [RX] ev=0 sid=6 chunk=1406B (accum+=65934)
[06-17 13:45:15.833] [INF] [RX] ev=0 sid=6 chunk=1406B (accum+=66091)
[06-17 13:45:15.866] [INF] [RX] ev=0 sid=6 chunk=1406B (accum+=66911)
[06-17 13:45:15.933] [INF] [RX] ev=0 sid=6 chunk=1406B (accum+=66124)
[01-05 1294952764892] [BENCH] Duration: 43.82s | Recv: 52.76MB | Current Rate: 9.63Mbps
[06-17 13:45:15.966] [INF] [RX] ev=0 sid=6 chunk=1406B (accum+=66210)
[06-17 13:45:16.032] [INF] [RX] ev=0 sid=6 chunk=1406B (accum+=65578)
[06-17 13:45:16.096] [INF] [RX] ev=0 sid=6 chunk=1395B (accum+=66700)
[06-17 13:45:16.133] [INF] [RX] ev=0 sid=6 chunk=1406B (accum+=66295)
[06-17 13:45:16.199] [INF] [RX] ev=0 sid=6 chunk=1406B (accum+=65919)
[06-17 13:45:16.233] [INF] [RX] ev=0 sid=6 chunk=1406B (accum+=66134)
[06-17 13:45:16.300] [INF] [RX] ev=0 sid=6 chunk=1406B (accum+=66297)
[06-17 13:45:16.333] [INF] [RX] ev=0 sid=6 chunk=1406B (accum+=66196)
[06-17 13:45:16.400] [INF] [RX] ev=0 sid=6 chunk=1406B (accum+=66408)
[06-17 13:45:16.432] [INF] [RX] ev=0 sid=6 chunk=1406B (accum+=65939)
[01-05 1294953265180] [BENCH] Duration: 44.32s | Recv: 53.41MB | Current Rate: 9.64Mbps
[06-17 13:45:16.499] [INF] [RX] ev=0 sid=6 chunk=1406B (accum+=66507)
[06-17 13:45:16.533] [INF] [RX] ev=0 sid=2 chunk=1406B (accum+=66633)
[06-17 13:45:16.593] [INF] [RX] ev=0 sid=2 chunk=1406B (accum+=66362)
[06-17 13:45:16.626] [INF] [RX] ev=0 sid=2 chunk=1406B (accum+=65689)
[06-17 13:45:16.693] [INF] [RX] ev=0 sid=2 chunk=1406B (accum+=66315)
[06-17 13:45:16.760] [INF] [RX] ev=0 sid=2 chunk=1406B (accum+=66657)
[06-17 13:45:16.793] [INF] [RX] ev=0 sid=2 chunk=1406B (accum+=66228)
[06-17 13:45:16.861] [INF] [RX] ev=0 sid=2 chunk=1406B (accum+=66815)
[06-17 13:45:16.893] [INF] [RX] ev=0 sid=2 chunk=1406B (accum+=66883)
[06-17 13:45:16.960] [INF] [RX] ev=0 sid=2 chunk=1406B (accum+=65771)
[01-05 1294953792788] [BENCH] Duration: 44.85s | Recv: 54.02MB | Current Rate: 9.64Mbps
[06-17 13:45:17.029] [INF] [RX] ev=0 sid=2 chunk=1406B (accum+=66146)
[06-17 13:45:17.061] [INF] [RX] ev=0 sid=2 chunk=1406B (accum+=66798)
[06-17 13:45:17.129] [INF] [RX] ev=0 sid=2 chunk=1406B (accum+=66439)
[06-17 13:45:17.162] [INF] [RX] ev=0 sid=2 chunk=1406B (accum+=66041)
[06-17 13:45:17.228] [INF] [RX] ev=0 sid=2 chunk=1406B (accum+=66220)
[06-17 13:45:17.262] [INF] [RX] ev=0 sid=2 chunk=1406B (accum+=66465)
[06-17 13:45:17.329] [INF] [RX] ev=0 sid=2 chunk=1406B (accum+=66912)
[06-17 13:45:17.362] [INF] [RX] ev=0 sid=2 chunk=122B (accum+=65565)
[06-17 13:45:17.429] [INF] [RX] ev=0 sid=2 chunk=1406B (accum+=66764)
[06-17 13:45:17.463] [INF] [RX] ev=0 sid=2 chunk=1406B (accum+=65614)
[01-05 1294954297219] [BENCH] Duration: 45.35s | Recv: 54.63MB | Current Rate: 9.64Mbps
[06-17 13:45:17.529] [INF] [RX] ev=0 sid=2 chunk=1406B (accum+=66262)
[06-17 13:45:17.562] [INF] [RX] ev=0 sid=2 chunk=759B (accum+=65983)
[06-17 13:45:17.629] [INF] [RX] ev=0 sid=2 chunk=1406B (accum+=66064)
[06-17 13:45:17.696] [INF] [RX] ev=0 sid=2 chunk=1406B (accum+=65660)
[06-17 13:45:17.730] [INF] [RX] ev=0 sid=2 chunk=1406B (accum+=66413)
[06-17 13:45:17.796] [INF] [RX] ev=0 sid=2 chunk=1406B (accum+=66849)
[06-17 13:45:17.829] [INF] [RX] ev=0 sid=2 chunk=1068B (accum+=66165)
[06-17 13:45:17.897] [INF] [RX] ev=0 sid=2 chunk=1406B (accum+=66567)
[06-17 13:45:17.964] [INF] [RX] ev=0 sid=2 chunk=1406B (accum+=65789)
[01-05 1294954797222] [BENCH] Duration: 45.85s | Recv: 55.26MB | Current Rate: 9.64Mbps
[06-17 13:45:17.997] [INF] [RX] ev=0 sid=2 chunk=1406B (accum+=66045)
[06-17 13:45:18.065] [INF] [RX] ev=0 sid=2 chunk=1406B (accum+=66483)
[06-17 13:45:18.097] [INF] [RX] ev=0 sid=2 chunk=1406B (accum+=66129)
[06-17 13:45:18.164] [INF] [RX] ev=0 sid=2 chunk=1406B (accum+=66500)
[06-17 13:45:18.233] [INF] [RX] ev=0 sid=2 chunk=1406B (accum+=66764)
[06-17 13:45:18.265] [INF] [RX] ev=0 sid=2 chunk=1406B (accum+=66386)
[06-17 13:45:18.334] [INF] [RX] ev=0 sid=2 chunk=1406B (accum+=65870)
[06-17 13:45:18.366] [INF] [RX] ev=0 sid=2 chunk=1406B (accum+=66673)
[06-17 13:45:18.433] [INF] [RX] ev=0 sid=2 chunk=1406B (accum+=66461)
[01-05 1294955300932] [BENCH] Duration: 46.35s | Recv: 55.83MB | Current Rate: 9.63Mbps
[06-17 13:45:18.501] [INF] [RX] ev=0 sid=2 chunk=1406B (accum+=65738)
[06-17 13:45:18.533] [INF] [RX] ev=0 sid=2 chunk=1406B (accum+=66799)
[06-17 13:45:18.600] [INF] [RX] ev=0 sid=2 chunk=1406B (accum+=66478)
[06-17 13:45:18.634] [INF] [RX] ev=0 sid=2 chunk=1406B (accum+=65904)
[06-17 13:45:18.709] [INF] [RX] ev=0 sid=2 chunk=1406B (accum+=65804)
[06-17 13:45:18.741] [INF] [RX] ev=0 sid=2 chunk=1406B (accum+=65785)
[06-17 13:45:18.809] [INF] [RX] ev=0 sid=2 chunk=1406B (accum+=66869)
[06-17 13:45:18.840] [INF] [RX] ev=0 sid=2 chunk=1406B (accum+=66723)
[06-17 13:45:18.910] [INF] [RX] ev=0 sid=6 chunk=1406B (accum+=66891)
[06-17 13:45:18.940] [INF] [RX] ev=0 sid=6 chunk=1406B (accum+=65797)
[01-05 1294955809406] [BENCH] Duration: 46.86s | Recv: 56.45MB | Current Rate: 9.64Mbps
[06-17 13:45:19.010] [INF] [RX] ev=0 sid=6 chunk=1406B (accum+=65907)
[06-17 13:45:19.076] [INF] [RX] ev=0 sid=6 chunk=1406B (accum+=66344)
[06-17 13:45:19.108] [INF] [RX] ev=0 sid=6 chunk=1406B (accum+=66771)
[06-17 13:45:19.178] [INF] [RX] ev=0 sid=6 chunk=1406B (accum+=66054)
[06-17 13:45:19.209] [INF] [RX] ev=0 sid=6 chunk=1406B (accum+=66634)
[06-17 13:45:19.276] [INF] [RX] ev=0 sid=6 chunk=1406B (accum+=66617)
[06-17 13:45:19.343] [INF] [RX] ev=0 sid=6 chunk=1406B (accum+=65772)
[06-17 13:45:19.375] [INF] [RX] ev=0 sid=6 chunk=1406B (accum+=66543)
[06-17 13:45:19.442] [INF] [RX] ev=0 sid=6 chunk=1406B (accum+=66433)
[06-17 13:45:19.478] [INF] [RX] ev=0 sid=6 chunk=1406B (accum+=65875)
[01-05 1294956310443] [BENCH] Duration: 47.36s | Recv: 57.04MB | Current Rate: 9.63Mbps
[06-17 13:45:19.544] [INF] [RX] ev=0 sid=6 chunk=1406B (accum+=66383)
[06-17 13:45:19.612] [INF] [RX] ev=0 sid=6 chunk=1406B (accum+=65859)
[06-17 13:45:19.643] [INF] [RX] ev=0 sid=6 chunk=1406B (accum+=66743)
[06-17 13:45:19.710] [INF] [RX] ev=0 sid=6 chunk=1406B (accum+=66313)
[06-17 13:45:19.744] [INF] [RX] ev=0 sid=6 chunk=1406B (accum+=66482)
[06-17 13:45:19.812] [INF] [RX] ev=0 sid=6 chunk=1406B (accum+=66604)
[06-17 13:45:19.879] [INF] [RX] ev=0 sid=6 chunk=1406B (accum+=66617)
[06-17 13:45:19.912] [INF] [RX] ev=0 sid=6 chunk=1406B (accum+=66286)
[06-17 13:45:19.978] [INF] [RX] ev=0 sid=6 chunk=1406B (accum+=65811)
[01-05 1294956810899] [BENCH] Duration: 47.86s | Recv: 57.65MB | Current Rate: 9.64Mbps
[06-17 13:45:20.011] [INF] [RX] ev=0 sid=6 chunk=1406B (accum+=66643)
[06-17 13:45:20.078] [INF] [RX] ev=0 sid=6 chunk=1406B (accum+=65740)
[06-17 13:45:20.112] [INF] [RX] ev=0 sid=6 chunk=1406B (accum+=66580)
[06-17 13:45:20.178] [INF] [RX] ev=0 sid=6 chunk=1406B (accum+=65740)
[06-17 13:45:20.212] [INF] [RX] ev=0 sid=6 chunk=1406B (accum+=66375)
